Archive member included to satisfy reference by file (symbol)

.\CortexM0\ARM_GCC_541\Debug\Design01.a(OLED_SSD1306_1_SSD1306_API.o)
                              .\CortexM0\ARM_GCC_541\Debug\main.o (OLED_SSD1306_1_OLED_Start)
.\CortexM0\ARM_GCC_541\Debug\Design01.a(OLED_SSD1306_1_OLED_ADDR_Select.o)
                              .\CortexM0\ARM_GCC_541\Debug\Design01.a(OLED_SSD1306_1_SSD1306_API.o) (OLED_SSD1306_1_OLED_ADDR_Select_Write)
.\CortexM0\ARM_GCC_541\Debug\Design01.a(OLED_SSD1306_1_OLED_Reset.o)
                              .\CortexM0\ARM_GCC_541\Debug\Design01.a(OLED_SSD1306_1_SSD1306_API.o) (OLED_SSD1306_1_OLED_Reset_Write)
.\CortexM0\ARM_GCC_541\Debug\Design01.a(CyLib.o)
                              .\CortexM0\ARM_GCC_541\Debug\cyfitter_cfg.o (CySysClkWriteImoFreq)
.\CortexM0\ARM_GCC_541\Debug\Design01.a(CyLFClk.o)
                              .\CortexM0\ARM_GCC_541\Debug\cyfitter_cfg.o (CySysClkWcoStart)
.\CortexM0\ARM_GCC_541\Debug\Design01.a(OLED_SSD1306_1_I2C.o)
                              .\CortexM0\ARM_GCC_541\Debug\Design01.a(OLED_SSD1306_1_SSD1306_API.o) (OLED_SSD1306_1_I2C_Start)
.\CortexM0\ARM_GCC_541\Debug\Design01.a(OLED_SSD1306_1_I2C_I2C.o)
                              .\CortexM0\ARM_GCC_541\Debug\Design01.a(OLED_SSD1306_1_I2C.o) (OLED_SSD1306_1_I2C_I2CInit)
.\CortexM0\ARM_GCC_541\Debug\Design01.a(OLED_SSD1306_1_I2C_I2C_MASTER.o)
                              .\CortexM0\ARM_GCC_541\Debug\Design01.a(OLED_SSD1306_1_SSD1306_API.o) (OLED_SSD1306_1_I2C_I2CMasterSendStart)
.\CortexM0\ARM_GCC_541\Debug\Design01.a(CyBootAsmGnu.o)
                              .\CortexM0\ARM_GCC_541\Debug\cyfitter_cfg.o (CyDelayCycles)
.\CortexM0\ARM_GCC_541\Debug\Design01.a(OLED_SSD1306_1_I2C_I2C_INT.o)
                              .\CortexM0\ARM_GCC_541\Debug\Design01.a(OLED_SSD1306_1_I2C_I2C.o) (OLED_SSD1306_1_I2C_I2C_ISR)
c:/program files (x86)/cypress/psoc creator/4.2/psoc creator/import/gnu/arm/5.4.1/bin/../lib/gcc/arm-none-eabi/5.4.1/armv6-m\libgcc.a(_udivsi3.o)
                              .\CortexM0\ARM_GCC_541\Debug\Design01.a(CyLib.o) (__aeabi_uidiv)
c:/program files (x86)/cypress/psoc creator/4.2/psoc creator/import/gnu/arm/5.4.1/bin/../lib/gcc/arm-none-eabi/5.4.1/armv6-m\libgcc.a(_divsi3.o)
                              .\CortexM0\ARM_GCC_541\Debug\Design01.a(OLED_SSD1306_1_SSD1306_API.o) (__aeabi_idiv)
c:/program files (x86)/cypress/psoc creator/4.2/psoc creator/import/gnu/arm/5.4.1/bin/../lib/gcc/arm-none-eabi/5.4.1/armv6-m\libgcc.a(_dvmd_tls.o)
                              c:/program files (x86)/cypress/psoc creator/4.2/psoc creator/import/gnu/arm/5.4.1/bin/../lib/gcc/arm-none-eabi/5.4.1/armv6-m\libgcc.a(_udivsi3.o) (__aeabi_idiv0)
c:/program files (x86)/cypress/psoc creator/4.2/psoc creator/import/gnu/arm/5.4.1/bin/../lib/gcc/arm-none-eabi/5.4.1/../../../../arm-none-eabi/lib/armv6-m\libg_nano.a(lib_a-errno.o)
                              .\CortexM0\ARM_GCC_541\Debug\Cm0Start.o (__errno)
c:/program files (x86)/cypress/psoc creator/4.2/psoc creator/import/gnu/arm/5.4.1/bin/../lib/gcc/arm-none-eabi/5.4.1/../../../../arm-none-eabi/lib/armv6-m\libg_nano.a(lib_a-exit.o)
                              c:/program files (x86)/cypress/psoc creator/4.2/psoc creator/import/gnu/arm/5.4.1/bin/../lib/gcc/arm-none-eabi/5.4.1/../../../../arm-none-eabi/lib/armv6-m/crt0.o (exit)
c:/program files (x86)/cypress/psoc creator/4.2/psoc creator/import/gnu/arm/5.4.1/bin/../lib/gcc/arm-none-eabi/5.4.1/../../../../arm-none-eabi/lib/armv6-m\libg_nano.a(lib_a-impure.o)
                              c:/program files (x86)/cypress/psoc creator/4.2/psoc creator/import/gnu/arm/5.4.1/bin/../lib/gcc/arm-none-eabi/5.4.1/../../../../arm-none-eabi/lib/armv6-m\libg_nano.a(lib_a-exit.o) (_global_impure_ptr)
c:/program files (x86)/cypress/psoc creator/4.2/psoc creator/import/gnu/arm/5.4.1/bin/../lib/gcc/arm-none-eabi/5.4.1/../../../../arm-none-eabi/lib/armv6-m\libg_nano.a(lib_a-init.o)
                              c:/program files (x86)/cypress/psoc creator/4.2/psoc creator/import/gnu/arm/5.4.1/bin/../lib/gcc/arm-none-eabi/5.4.1/../../../../arm-none-eabi/lib/armv6-m/crt0.o (__libc_init_array)
c:/program files (x86)/cypress/psoc creator/4.2/psoc creator/import/gnu/arm/5.4.1/bin/../lib/gcc/arm-none-eabi/5.4.1/../../../../arm-none-eabi/lib/armv6-m\libg_nano.a(lib_a-memcpy-stub.o)
                              .\CortexM0\ARM_GCC_541\Debug\Design01.a(OLED_SSD1306_1_SSD1306_API.o) (memcpy)
c:/program files (x86)/cypress/psoc creator/4.2/psoc creator/import/gnu/arm/5.4.1/bin/../lib/gcc/arm-none-eabi/5.4.1/../../../../arm-none-eabi/lib/armv6-m\libg_nano.a(lib_a-memset.o)
                              c:/program files (x86)/cypress/psoc creator/4.2/psoc creator/import/gnu/arm/5.4.1/bin/../lib/gcc/arm-none-eabi/5.4.1/../../../../arm-none-eabi/lib/armv6-m/crt0.o (memset)

Allocating common symbols
Common symbol       size              file

OLED_SSD1306_1_I2C_mstrWrBufSize
                    0x4               .\CortexM0\ARM_GCC_541\Debug\Design01.a(OLED_SSD1306_1_I2C_I2C_MASTER.o)
OLED_SSD1306_1_I2C_mstrStatus
                    0x2               .\CortexM0\ARM_GCC_541\Debug\Design01.a(OLED_SSD1306_1_I2C_I2C_MASTER.o)
OLED_SSD1306_1_I2C_mstrWrBufIndex
                    0x4               .\CortexM0\ARM_GCC_541\Debug\Design01.a(OLED_SSD1306_1_I2C_I2C_MASTER.o)
OLED_SSD1306_1_I2C_mstrWrBufIndexTmp
                    0x4               .\CortexM0\ARM_GCC_541\Debug\Design01.a(OLED_SSD1306_1_I2C_I2C_MASTER.o)
OLED_SSD1306_1_I2C_mstrRdBufPtr
                    0x4               .\CortexM0\ARM_GCC_541\Debug\Design01.a(OLED_SSD1306_1_I2C_I2C_MASTER.o)
OLED_SSD1306_1_I2C_state
                    0x1               .\CortexM0\ARM_GCC_541\Debug\Design01.a(OLED_SSD1306_1_I2C_I2C.o)
OLED_SSD1306_1_I2C_mstrRdBufIndex
                    0x4               .\CortexM0\ARM_GCC_541\Debug\Design01.a(OLED_SSD1306_1_I2C_I2C_MASTER.o)
OLED_SSD1306_1_I2C_mstrControl
                    0x1               .\CortexM0\ARM_GCC_541\Debug\Design01.a(OLED_SSD1306_1_I2C_I2C_MASTER.o)
OLED_SSD1306_1_I2C_mstrRdBufSize
                    0x4               .\CortexM0\ARM_GCC_541\Debug\Design01.a(OLED_SSD1306_1_I2C_I2C_MASTER.o)
OLED_SSD1306_1_I2C_mstrWrBufPtr
                    0x4               .\CortexM0\ARM_GCC_541\Debug\Design01.a(OLED_SSD1306_1_I2C_I2C_MASTER.o)

Discarded input sections

 .text          0x00000000        0x0 c:/program files (x86)/cypress/psoc creator/4.2/psoc creator/import/gnu/arm/5.4.1/bin/../lib/gcc/arm-none-eabi/5.4.1/armv6-m/crti.o
 .data          0x00000000        0x0 c:/program files (x86)/cypress/psoc creator/4.2/psoc creator/import/gnu/arm/5.4.1/bin/../lib/gcc/arm-none-eabi/5.4.1/armv6-m/crti.o
 .bss           0x00000000        0x0 c:/program files (x86)/cypress/psoc creator/4.2/psoc creator/import/gnu/arm/5.4.1/bin/../lib/gcc/arm-none-eabi/5.4.1/armv6-m/crti.o
 .data          0x00000000        0x4 c:/program files (x86)/cypress/psoc creator/4.2/psoc creator/import/gnu/arm/5.4.1/bin/../lib/gcc/arm-none-eabi/5.4.1/armv6-m/crtbegin.o
 .text          0x00000000       0x78 c:/program files (x86)/cypress/psoc creator/4.2/psoc creator/import/gnu/arm/5.4.1/bin/../lib/gcc/arm-none-eabi/5.4.1/../../../../arm-none-eabi/lib/armv6-m/crt0.o
 .data          0x00000000        0x0 c:/program files (x86)/cypress/psoc creator/4.2/psoc creator/import/gnu/arm/5.4.1/bin/../lib/gcc/arm-none-eabi/5.4.1/../../../../arm-none-eabi/lib/armv6-m/crt0.o
 .bss           0x00000000        0x0 c:/program files (x86)/cypress/psoc creator/4.2/psoc creator/import/gnu/arm/5.4.1/bin/../lib/gcc/arm-none-eabi/5.4.1/../../../../arm-none-eabi/lib/armv6-m/crt0.o
 .ARM.extab     0x00000000        0x0 c:/program files (x86)/cypress/psoc creator/4.2/psoc creator/import/gnu/arm/5.4.1/bin/../lib/gcc/arm-none-eabi/5.4.1/../../../../arm-none-eabi/lib/armv6-m/crt0.o
 .ARM.exidx     0x00000000        0x8 c:/program files (x86)/cypress/psoc creator/4.2/psoc creator/import/gnu/arm/5.4.1/bin/../lib/gcc/arm-none-eabi/5.4.1/../../../../arm-none-eabi/lib/armv6-m/crt0.o
 .text          0x00000000        0x0 .\CortexM0\ARM_GCC_541\Debug\main.o
 .data          0x00000000        0x0 .\CortexM0\ARM_GCC_541\Debug\main.o
 .bss           0x00000000        0x0 .\CortexM0\ARM_GCC_541\Debug\main.o
 .text          0x00000000        0x0 .\CortexM0\ARM_GCC_541\Debug\cyfitter_cfg.o
 .data          0x00000000        0x0 .\CortexM0\ARM_GCC_541\Debug\cyfitter_cfg.o
 .bss           0x00000000        0x0 .\CortexM0\ARM_GCC_541\Debug\cyfitter_cfg.o
 .text          0x00000000        0x0 .\CortexM0\ARM_GCC_541\Debug\cymetadata.o
 .data          0x00000000        0x0 .\CortexM0\ARM_GCC_541\Debug\cymetadata.o
 .bss           0x00000000        0x0 .\CortexM0\ARM_GCC_541\Debug\cymetadata.o
 .text          0x00000000        0x0 .\CortexM0\ARM_GCC_541\Debug\Cm0Start.o
 .data          0x00000000        0x4 .\CortexM0\ARM_GCC_541\Debug\Cm0Start.o
 .bss           0x00000000        0x0 .\CortexM0\ARM_GCC_541\Debug\Cm0Start.o
 .text._exit    0x00000000        0xc .\CortexM0\ARM_GCC_541\Debug\Cm0Start.o
 .text._sbrk    0x00000000       0x30 .\CortexM0\ARM_GCC_541\Debug\Cm0Start.o
 .text          0x00000000        0x0 .\CortexM0\ARM_GCC_541\Debug\Design01.a(OLED_SSD1306_1_SSD1306_API.o)
 .data          0x00000000        0x0 .\CortexM0\ARM_GCC_541\Debug\Design01.a(OLED_SSD1306_1_SSD1306_API.o)
 .bss           0x00000000        0x0 .\CortexM0\ARM_GCC_541\Debug\Design01.a(OLED_SSD1306_1_SSD1306_API.o)
 .text.OLED_SSD1306_1_OLED_shutdown
                0x00000000        0xc .\CortexM0\ARM_GCC_541\Debug\Design01.a(OLED_SSD1306_1_SSD1306_API.o)
 .text.OLED_SSD1306_1_OLED_wakeup
                0x00000000        0xc .\CortexM0\ARM_GCC_541\Debug\Design01.a(OLED_SSD1306_1_SSD1306_API.o)
 .text.OLED_SSD1306_1_OLED_create_custom_config
                0x00000000       0x18 .\CortexM0\ARM_GCC_541\Debug\Design01.a(OLED_SSD1306_1_SSD1306_API.o)
 .text.OLED_SSD1306_1_OLED_scroll_stop
                0x00000000       0x2c .\CortexM0\ARM_GCC_541\Debug\Design01.a(OLED_SSD1306_1_SSD1306_API.o)
 .text.OLED_SSD1306_1_OLED_scroll_start
                0x00000000       0x2c .\CortexM0\ARM_GCC_541\Debug\Design01.a(OLED_SSD1306_1_SSD1306_API.o)
 .text.OLED_SSD1306_1_OLED_H_scroll_config
                0x00000000       0x84 .\CortexM0\ARM_GCC_541\Debug\Design01.a(OLED_SSD1306_1_SSD1306_API.o)
 .text.OLED_SSD1306_1_OLED_vertical_scroll_area
                0x00000000       0x38 .\CortexM0\ARM_GCC_541\Debug\Design01.a(OLED_SSD1306_1_SSD1306_API.o)
 .text.OLED_SSD1306_1_OLED_HV_scroll_config
                0x00000000       0x84 .\CortexM0\ARM_GCC_541\Debug\Design01.a(OLED_SSD1306_1_SSD1306_API.o)
 .text.OLED_SSD1306_1_OLED_bulk_write
                0x00000000       0x60 .\CortexM0\ARM_GCC_541\Debug\Design01.a(OLED_SSD1306_1_SSD1306_API.o)
 .text.OLED_SSD1306_1_OLED_draw_horizontal_line
                0x00000000       0x88 .\CortexM0\ARM_GCC_541\Debug\Design01.a(OLED_SSD1306_1_SSD1306_API.o)
 .text.OLED_SSD1306_1_OLED_draw_vertical_line
                0x00000000      0x118 .\CortexM0\ARM_GCC_541\Debug\Design01.a(OLED_SSD1306_1_SSD1306_API.o)
 .text          0x00000000        0x0 .\CortexM0\ARM_GCC_541\Debug\Design01.a(OLED_SSD1306_1_OLED_ADDR_Select.o)
 .data          0x00000000        0x0 .\CortexM0\ARM_GCC_541\Debug\Design01.a(OLED_SSD1306_1_OLED_ADDR_Select.o)
 .bss           0x00000000        0x0 .\CortexM0\ARM_GCC_541\Debug\Design01.a(OLED_SSD1306_1_OLED_ADDR_Select.o)
 .text.OLED_SSD1306_1_OLED_ADDR_Select_SetDriveMode
                0x00000000       0x14 .\CortexM0\ARM_GCC_541\Debug\Design01.a(OLED_SSD1306_1_OLED_ADDR_Select.o)
 .text.OLED_SSD1306_1_OLED_ADDR_Select_Read
                0x00000000       0x10 .\CortexM0\ARM_GCC_541\Debug\Design01.a(OLED_SSD1306_1_OLED_ADDR_Select.o)
 .text.OLED_SSD1306_1_OLED_ADDR_Select_ReadDataReg
                0x00000000       0x10 .\CortexM0\ARM_GCC_541\Debug\Design01.a(OLED_SSD1306_1_OLED_ADDR_Select.o)
 .text.OLED_SSD1306_1_OLED_ADDR_Select_SetInterruptMode
                0x00000000       0x14 .\CortexM0\ARM_GCC_541\Debug\Design01.a(OLED_SSD1306_1_OLED_ADDR_Select.o)
 .text.OLED_SSD1306_1_OLED_ADDR_Select_ClearInterrupt
                0x00000000       0x14 .\CortexM0\ARM_GCC_541\Debug\Design01.a(OLED_SSD1306_1_OLED_ADDR_Select.o)
 .text          0x00000000        0x0 .\CortexM0\ARM_GCC_541\Debug\Design01.a(OLED_SSD1306_1_OLED_Reset.o)
 .data          0x00000000        0x0 .\CortexM0\ARM_GCC_541\Debug\Design01.a(OLED_SSD1306_1_OLED_Reset.o)
 .bss           0x00000000        0x0 .\CortexM0\ARM_GCC_541\Debug\Design01.a(OLED_SSD1306_1_OLED_Reset.o)
 .text.OLED_SSD1306_1_OLED_Reset_SetDriveMode
                0x00000000       0x14 .\CortexM0\ARM_GCC_541\Debug\Design01.a(OLED_SSD1306_1_OLED_Reset.o)
 .text.OLED_SSD1306_1_OLED_Reset_Read
                0x00000000       0x10 .\CortexM0\ARM_GCC_541\Debug\Design01.a(OLED_SSD1306_1_OLED_Reset.o)
 .text.OLED_SSD1306_1_OLED_Reset_ReadDataReg
                0x00000000       0x10 .\CortexM0\ARM_GCC_541\Debug\Design01.a(OLED_SSD1306_1_OLED_Reset.o)
 .text.OLED_SSD1306_1_OLED_Reset_SetInterruptMode
                0x00000000       0x14 .\CortexM0\ARM_GCC_541\Debug\Design01.a(OLED_SSD1306_1_OLED_Reset.o)
 .text.OLED_SSD1306_1_OLED_Reset_ClearInterrupt
                0x00000000       0x10 .\CortexM0\ARM_GCC_541\Debug\Design01.a(OLED_SSD1306_1_OLED_Reset.o)
 .text          0x00000000        0x0 .\CortexM0\ARM_GCC_541\Debug\Design01.a(CyLib.o)
 .bss           0x00000000       0x18 .\CortexM0\ARM_GCC_541\Debug\Design01.a(CyLib.o)
 .text.CySysClkImoStart
                0x00000000       0x14 .\CortexM0\ARM_GCC_541\Debug\Design01.a(CyLib.o)
 .text.CySysClkImoStop
                0x00000000       0x10 .\CortexM0\ARM_GCC_541\Debug\Design01.a(CyLib.o)
 .text.CySysClkWriteHfclkDirect
                0x00000000       0x20 .\CortexM0\ARM_GCC_541\Debug\Design01.a(CyLib.o)
 .text.CySysEnablePumpClock
                0x00000000       0x38 .\CortexM0\ARM_GCC_541\Debug\Design01.a(CyLib.o)
 .text.CySysClkGetSysclkSource
                0x00000000       0x1c .\CortexM0\ARM_GCC_541\Debug\Design01.a(CyLib.o)
 .text.CySysClkWriteSysclkDiv
                0x00000000       0x30 .\CortexM0\ARM_GCC_541\Debug\Design01.a(CyLib.o)
 .text.CySysClkEcoStop
                0x00000000       0x24 .\CortexM0\ARM_GCC_541\Debug\Design01.a(CyLib.o)
 .text.CySysLvdDisable
                0x00000000       0x20 .\CortexM0\ARM_GCC_541\Debug\Design01.a(CyLib.o)
 .text.CySysLvdGetInterruptSource
                0x00000000       0x10 .\CortexM0\ARM_GCC_541\Debug\Design01.a(CyLib.o)
 .text.CySysLvdClearInterrupt
                0x00000000        0xc .\CortexM0\ARM_GCC_541\Debug\Design01.a(CyLib.o)
 .text.CySysGetResetReason
                0x00000000       0x14 .\CortexM0\ARM_GCC_541\Debug\Design01.a(CyLib.o)
 .text.CyDisableInts
                0x00000000       0x10 .\CortexM0\ARM_GCC_541\Debug\Design01.a(CyLib.o)
 .text.CyEnableInts
                0x00000000        0xc .\CortexM0\ARM_GCC_541\Debug\Design01.a(CyLib.o)
 .text.CyIntGetState
                0x00000000       0x18 .\CortexM0\ARM_GCC_541\Debug\Design01.a(CyLib.o)
 .text.CyIntSetPending
                0x00000000       0x14 .\CortexM0\ARM_GCC_541\Debug\Design01.a(CyLib.o)
 .text.CyIntClearPending
                0x00000000       0x14 .\CortexM0\ARM_GCC_541\Debug\Design01.a(CyLib.o)
 .text.CySysClkWriteEcoDiv
                0x00000000       0x38 .\CortexM0\ARM_GCC_541\Debug\Design01.a(CyLib.o)
 .text.CyIntSetSysVector
                0x00000000       0x20 .\CortexM0\ARM_GCC_541\Debug\Design01.a(CyLib.o)
 .text.CyIntGetSysVector
                0x00000000       0x1c .\CortexM0\ARM_GCC_541\Debug\Design01.a(CyLib.o)
 .text.CyIntGetVector
                0x00000000       0x20 .\CortexM0\ARM_GCC_541\Debug\Design01.a(CyLib.o)
 .text.CyIntGetPriority
                0x00000000       0x2c .\CortexM0\ARM_GCC_541\Debug\Design01.a(CyLib.o)
 .text.CySoftwareReset
                0x00000000       0x18 .\CortexM0\ARM_GCC_541\Debug\Design01.a(CyLib.o)
 .text.CySysLvdEnable
                0x00000000       0x44 .\CortexM0\ARM_GCC_541\Debug\Design01.a(CyLib.o)
 .text.CyDelayFreq
                0x00000000       0x4c .\CortexM0\ARM_GCC_541\Debug\Design01.a(CyLib.o)
 .text.CySysTickStop
                0x00000000       0x10 .\CortexM0\ARM_GCC_541\Debug\Design01.a(CyLib.o)
 .text.CySysTickEnableInterrupt
                0x00000000       0x10 .\CortexM0\ARM_GCC_541\Debug\Design01.a(CyLib.o)
 .text.CySysTickEnable
                0x00000000       0x18 .\CortexM0\ARM_GCC_541\Debug\Design01.a(CyLib.o)
 .text.CySysTickDisableInterrupt
                0x00000000       0x10 .\CortexM0\ARM_GCC_541\Debug\Design01.a(CyLib.o)
 .text.CySysTickSetReload
                0x00000000       0x10 .\CortexM0\ARM_GCC_541\Debug\Design01.a(CyLib.o)
 .text.CySysTickGetReload
                0x00000000       0x10 .\CortexM0\ARM_GCC_541\Debug\Design01.a(CyLib.o)
 .text.CySysTickGetValue
                0x00000000       0x10 .\CortexM0\ARM_GCC_541\Debug\Design01.a(CyLib.o)
 .text.CySysTickSetClockSource
                0x00000000       0x20 .\CortexM0\ARM_GCC_541\Debug\Design01.a(CyLib.o)
 .text.CySysTickGetClockSource
                0x00000000       0x10 .\CortexM0\ARM_GCC_541\Debug\Design01.a(CyLib.o)
 .text.CySysTickGetCountFlag
                0x00000000       0x10 .\CortexM0\ARM_GCC_541\Debug\Design01.a(CyLib.o)
 .text.CySysTickServiceCallbacks
                0x00000000       0x28 .\CortexM0\ARM_GCC_541\Debug\Design01.a(CyLib.o)
 .text.CySysTickClear
                0x00000000        0xc .\CortexM0\ARM_GCC_541\Debug\Design01.a(CyLib.o)
 .text.CySysTickInit
                0x00000000       0x44 .\CortexM0\ARM_GCC_541\Debug\Design01.a(CyLib.o)
 .text.CySysTickStart
                0x00000000       0x20 .\CortexM0\ARM_GCC_541\Debug\Design01.a(CyLib.o)
 .text.CySysTickSetCallback
                0x00000000       0x10 .\CortexM0\ARM_GCC_541\Debug\Design01.a(CyLib.o)
 .text.CySysTickGetCallback
                0x00000000        0xc .\CortexM0\ARM_GCC_541\Debug\Design01.a(CyLib.o)
 .text.CyGetUniqueId
                0x00000000       0x70 .\CortexM0\ARM_GCC_541\Debug\Design01.a(CyLib.o)
 .text          0x00000000        0x0 .\CortexM0\ARM_GCC_541\Debug\Design01.a(CyLFClk.o)
 .text.CySysClkIloEnabled
                0x00000000       0x14 .\CortexM0\ARM_GCC_541\Debug\Design01.a(CyLFClk.o)
 .text.CySysClkGetLfclkSource
                0x00000000       0x10 .\CortexM0\ARM_GCC_541\Debug\Design01.a(CyLFClk.o)
 .text.CySysClkIloStart
                0x00000000       0x14 .\CortexM0\ARM_GCC_541\Debug\Design01.a(CyLFClk.o)
 .text.CySysClkIloStartMeasurement
                0x00000000       0x5c .\CortexM0\ARM_GCC_541\Debug\Design01.a(CyLFClk.o)
 .text.CySysClkIloStopMeasurement
                0x00000000       0x14 .\CortexM0\ARM_GCC_541\Debug\Design01.a(CyLFClk.o)
 .text.CySysClkIloCompensate
                0x00000000      0x104 .\CortexM0\ARM_GCC_541\Debug\Design01.a(CyLFClk.o)
 .text.CySysClkIloUpdateTrimReg
                0x00000000       0xa8 .\CortexM0\ARM_GCC_541\Debug\Design01.a(CyLFClk.o)
 .text.CySysClkIloTrim
                0x00000000       0xd8 .\CortexM0\ARM_GCC_541\Debug\Design01.a(CyLFClk.o)
 .text.CySysClkIloRestoreFactoryTrim
                0x00000000       0x30 .\CortexM0\ARM_GCC_541\Debug\Design01.a(CyLFClk.o)
 .text.CySysClkWcoEnabled
                0x00000000       0x14 .\CortexM0\ARM_GCC_541\Debug\Design01.a(CyLFClk.o)
 .text.CySysClkWcoClockOutSelect
                0x00000000       0x2c .\CortexM0\ARM_GCC_541\Debug\Design01.a(CyLFClk.o)
 .text.CySysWdtGetEnabledStatus
                0x00000000       0x24 .\CortexM0\ARM_GCC_541\Debug\Design01.a(CyLFClk.o)
 .text.CySysWdtSetMode
                0x00000000       0x38 .\CortexM0\ARM_GCC_541\Debug\Design01.a(CyLFClk.o)
 .text.CySysClkLfclkPosedgeRestore
                0x00000000       0x2c .\CortexM0\ARM_GCC_541\Debug\Design01.a(CyLFClk.o)
 .text.CySysWdtGetMode
                0x00000000       0x14 .\CortexM0\ARM_GCC_541\Debug\Design01.a(CyLFClk.o)
 .text.CySysWdtSetClearOnMatch
                0x00000000       0x34 .\CortexM0\ARM_GCC_541\Debug\Design01.a(CyLFClk.o)
 .text.CySysWdtGetClearOnMatch
                0x00000000       0x24 .\CortexM0\ARM_GCC_541\Debug\Design01.a(CyLFClk.o)
 .text.CySysWdtEnable
                0x00000000       0x3c .\CortexM0\ARM_GCC_541\Debug\Design01.a(CyLFClk.o)
 .text.CySysWdtDisable
                0x00000000       0x44 .\CortexM0\ARM_GCC_541\Debug\Design01.a(CyLFClk.o)
 .text.CySysWdtSetCascade
                0x00000000       0x34 .\CortexM0\ARM_GCC_541\Debug\Design01.a(CyLFClk.o)
 .text.CySysWdtGetCascade
                0x00000000       0x14 .\CortexM0\ARM_GCC_541\Debug\Design01.a(CyLFClk.o)
 .text.CySysWdtSetMatch
                0x00000000       0x54 .\CortexM0\ARM_GCC_541\Debug\Design01.a(CyLFClk.o)
 .text.CySysWdtSetToggleBit
                0x00000000       0x30 .\CortexM0\ARM_GCC_541\Debug\Design01.a(CyLFClk.o)
 .text.CySysWdtGetToggleBit
                0x00000000       0x10 .\CortexM0\ARM_GCC_541\Debug\Design01.a(CyLFClk.o)
 .text.CySysWdtGetMatch
                0x00000000       0x20 .\CortexM0\ARM_GCC_541\Debug\Design01.a(CyLFClk.o)
 .text.CySysWdtGetCount
                0x00000000       0x3c .\CortexM0\ARM_GCC_541\Debug\Design01.a(CyLFClk.o)
 .text.CySysClkLfclkPosedgeCatch
                0x00000000       0x74 .\CortexM0\ARM_GCC_541\Debug\Design01.a(CyLFClk.o)
 .text.CySysClkIloStop
                0x00000000       0x4c .\CortexM0\ARM_GCC_541\Debug\Design01.a(CyLFClk.o)
 .text.CySysClkSetLfclkSource
                0x00000000       0x38 .\CortexM0\ARM_GCC_541\Debug\Design01.a(CyLFClk.o)
 .text.CySysClkWcoStop
                0x00000000       0x48 .\CortexM0\ARM_GCC_541\Debug\Design01.a(CyLFClk.o)
 .text.CySysWdtGetInterruptSource
                0x00000000       0x14 .\CortexM0\ARM_GCC_541\Debug\Design01.a(CyLFClk.o)
 .text.CySysWdtResetCounters
                0x00000000       0x20 .\CortexM0\ARM_GCC_541\Debug\Design01.a(CyLFClk.o)
 .text.CySysWdtSetInterruptCallback
                0x00000000       0x20 .\CortexM0\ARM_GCC_541\Debug\Design01.a(CyLFClk.o)
 .text.CySysWdtGetInterruptCallback
                0x00000000       0x20 .\CortexM0\ARM_GCC_541\Debug\Design01.a(CyLFClk.o)
 .text.CySysWdtEnableCounterIsr
                0x00000000       0x34 .\CortexM0\ARM_GCC_541\Debug\Design01.a(CyLFClk.o)
 .text.CySysWdtDisableCounterIsr
                0x00000000       0x28 .\CortexM0\ARM_GCC_541\Debug\Design01.a(CyLFClk.o)
 .text.CySysWatchdogFeed
                0x00000000       0x60 .\CortexM0\ARM_GCC_541\Debug\Design01.a(CyLFClk.o)
 .text.CySysTimerDelayUntilMatch
                0x00000000       0x6c .\CortexM0\ARM_GCC_541\Debug\Design01.a(CyLFClk.o)
 .text.CySysTimerDelay
                0x00000000       0x3c .\CortexM0\ARM_GCC_541\Debug\Design01.a(CyLFClk.o)
 .rodata        0x00000000        0xc .\CortexM0\ARM_GCC_541\Debug\Design01.a(CyLFClk.o)
 .text          0x00000000        0x0 .\CortexM0\ARM_GCC_541\Debug\Design01.a(OLED_SSD1306_1_I2C.o)
 .data          0x00000000        0x0 .\CortexM0\ARM_GCC_541\Debug\Design01.a(OLED_SSD1306_1_I2C.o)
 .text.OLED_SSD1306_1_I2C_ScbModeStop
                0x00000000        0x8 .\CortexM0\ARM_GCC_541\Debug\Design01.a(OLED_SSD1306_1_I2C.o)
 .text.OLED_SSD1306_1_I2C_Stop
                0x00000000       0x2c .\CortexM0\ARM_GCC_541\Debug\Design01.a(OLED_SSD1306_1_I2C.o)
 .text.OLED_SSD1306_1_I2C_SetRxFifoLevel
                0x00000000       0x14 .\CortexM0\ARM_GCC_541\Debug\Design01.a(OLED_SSD1306_1_I2C.o)
 .text.OLED_SSD1306_1_I2C_SetTxFifoLevel
                0x00000000       0x14 .\CortexM0\ARM_GCC_541\Debug\Design01.a(OLED_SSD1306_1_I2C.o)
 .text.OLED_SSD1306_1_I2C_SetCustomInterruptHandler
                0x00000000        0xc .\CortexM0\ARM_GCC_541\Debug\Design01.a(OLED_SSD1306_1_I2C.o)
 .text          0x00000000        0x0 .\CortexM0\ARM_GCC_541\Debug\Design01.a(OLED_SSD1306_1_I2C_I2C.o)
 .data          0x00000000        0x0 .\CortexM0\ARM_GCC_541\Debug\Design01.a(OLED_SSD1306_1_I2C_I2C.o)
 .bss           0x00000000        0x0 .\CortexM0\ARM_GCC_541\Debug\Design01.a(OLED_SSD1306_1_I2C_I2C.o)
 .text.OLED_SSD1306_1_I2C_I2CStop
                0x00000000       0x20 .\CortexM0\ARM_GCC_541\Debug\Design01.a(OLED_SSD1306_1_I2C_I2C.o)
 .text          0x00000000        0x0 .\CortexM0\ARM_GCC_541\Debug\Design01.a(OLED_SSD1306_1_I2C_I2C_MASTER.o)
 .data          0x00000000        0x0 .\CortexM0\ARM_GCC_541\Debug\Design01.a(OLED_SSD1306_1_I2C_I2C_MASTER.o)
 .bss           0x00000000        0x0 .\CortexM0\ARM_GCC_541\Debug\Design01.a(OLED_SSD1306_1_I2C_I2C_MASTER.o)
 .text.OLED_SSD1306_1_I2C_I2CMasterReadByte
                0x00000000       0x7c .\CortexM0\ARM_GCC_541\Debug\Design01.a(OLED_SSD1306_1_I2C_I2C_MASTER.o)
 .text.OLED_SSD1306_1_I2C_I2CMasterGetReadBufSize
                0x00000000        0xc .\CortexM0\ARM_GCC_541\Debug\Design01.a(OLED_SSD1306_1_I2C_I2C_MASTER.o)
 .text.OLED_SSD1306_1_I2C_I2CMasterGetWriteBufSize
                0x00000000        0xc .\CortexM0\ARM_GCC_541\Debug\Design01.a(OLED_SSD1306_1_I2C_I2C_MASTER.o)
 .text.OLED_SSD1306_1_I2C_I2CMasterClearReadBuf
                0x00000000       0x28 .\CortexM0\ARM_GCC_541\Debug\Design01.a(OLED_SSD1306_1_I2C_I2C_MASTER.o)
 .text.OLED_SSD1306_1_I2C_I2CMasterClearWriteBuf
                0x00000000       0x28 .\CortexM0\ARM_GCC_541\Debug\Design01.a(OLED_SSD1306_1_I2C_I2C_MASTER.o)
 .text.OLED_SSD1306_1_I2C_I2CMasterStatus
                0x00000000       0x30 .\CortexM0\ARM_GCC_541\Debug\Design01.a(OLED_SSD1306_1_I2C_I2C_MASTER.o)
 .text.OLED_SSD1306_1_I2C_I2CMasterClearStatus
                0x00000000       0x20 .\CortexM0\ARM_GCC_541\Debug\Design01.a(OLED_SSD1306_1_I2C_I2C_MASTER.o)
 .text.OLED_SSD1306_1_I2C_I2CReStartGeneration
                0x00000000       0x20 .\CortexM0\ARM_GCC_541\Debug\Design01.a(OLED_SSD1306_1_I2C_I2C_MASTER.o)
 .text.OLED_SSD1306_1_I2C_I2CMasterWriteBuf
                0x00000000       0xf8 .\CortexM0\ARM_GCC_541\Debug\Design01.a(OLED_SSD1306_1_I2C_I2C_MASTER.o)
 .text.OLED_SSD1306_1_I2C_I2CMasterReadBuf
                0x00000000      0x108 .\CortexM0\ARM_GCC_541\Debug\Design01.a(OLED_SSD1306_1_I2C_I2C_MASTER.o)
 .text.OLED_SSD1306_1_I2C_I2CMasterSendRestart
                0x00000000       0x68 .\CortexM0\ARM_GCC_541\Debug\Design01.a(OLED_SSD1306_1_I2C_I2C_MASTER.o)
 .data          0x00000000        0x0 .\CortexM0\ARM_GCC_541\Debug\Design01.a(CyBootAsmGnu.o)
 .bss           0x00000000        0x0 .\CortexM0\ARM_GCC_541\Debug\Design01.a(CyBootAsmGnu.o)
 .text          0x00000000        0x0 .\CortexM0\ARM_GCC_541\Debug\Design01.a(OLED_SSD1306_1_I2C_I2C_INT.o)
 .data          0x00000000        0x0 .\CortexM0\ARM_GCC_541\Debug\Design01.a(OLED_SSD1306_1_I2C_I2C_INT.o)
 .bss           0x00000000        0x0 .\CortexM0\ARM_GCC_541\Debug\Design01.a(OLED_SSD1306_1_I2C_I2C_INT.o)
 .text          0x00000000      0x114 c:/program files (x86)/cypress/psoc creator/4.2/psoc creator/import/gnu/arm/5.4.1/bin/../lib/gcc/arm-none-eabi/5.4.1/armv6-m\libgcc.a(_udivsi3.o)
 .data          0x00000000        0x0 c:/program files (x86)/cypress/psoc creator/4.2/psoc creator/import/gnu/arm/5.4.1/bin/../lib/gcc/arm-none-eabi/5.4.1/armv6-m\libgcc.a(_udivsi3.o)
 .bss           0x00000000        0x0 c:/program files (x86)/cypress/psoc creator/4.2/psoc creator/import/gnu/arm/5.4.1/bin/../lib/gcc/arm-none-eabi/5.4.1/armv6-m\libgcc.a(_udivsi3.o)
 .text          0x00000000      0x1d4 c:/program files (x86)/cypress/psoc creator/4.2/psoc creator/import/gnu/arm/5.4.1/bin/../lib/gcc/arm-none-eabi/5.4.1/armv6-m\libgcc.a(_divsi3.o)
 .data          0x00000000        0x0 c:/program files (x86)/cypress/psoc creator/4.2/psoc creator/import/gnu/arm/5.4.1/bin/../lib/gcc/arm-none-eabi/5.4.1/armv6-m\libgcc.a(_divsi3.o)
 .bss           0x00000000        0x0 c:/program files (x86)/cypress/psoc creator/4.2/psoc creator/import/gnu/arm/5.4.1/bin/../lib/gcc/arm-none-eabi/5.4.1/armv6-m\libgcc.a(_divsi3.o)
 .text          0x00000000        0x4 c:/program files (x86)/cypress/psoc creator/4.2/psoc creator/import/gnu/arm/5.4.1/bin/../lib/gcc/arm-none-eabi/5.4.1/armv6-m\libgcc.a(_dvmd_tls.o)
 .data          0x00000000        0x0 c:/program files (x86)/cypress/psoc creator/4.2/psoc creator/import/gnu/arm/5.4.1/bin/../lib/gcc/arm-none-eabi/5.4.1/armv6-m\libgcc.a(_dvmd_tls.o)
 .bss           0x00000000        0x0 c:/program files (x86)/cypress/psoc creator/4.2/psoc creator/import/gnu/arm/5.4.1/bin/../lib/gcc/arm-none-eabi/5.4.1/armv6-m\libgcc.a(_dvmd_tls.o)
 .text          0x00000000        0x0 c:/program files (x86)/cypress/psoc creator/4.2/psoc creator/import/gnu/arm/5.4.1/bin/../lib/gcc/arm-none-eabi/5.4.1/../../../../arm-none-eabi/lib/armv6-m\libg_nano.a(lib_a-errno.o)
 .data          0x00000000        0x0 c:/program files (x86)/cypress/psoc creator/4.2/psoc creator/import/gnu/arm/5.4.1/bin/../lib/gcc/arm-none-eabi/5.4.1/../../../../arm-none-eabi/lib/armv6-m\libg_nano.a(lib_a-errno.o)
 .bss           0x00000000        0x0 c:/program files (x86)/cypress/psoc creator/4.2/psoc creator/import/gnu/arm/5.4.1/bin/../lib/gcc/arm-none-eabi/5.4.1/../../../../arm-none-eabi/lib/armv6-m\libg_nano.a(lib_a-errno.o)
 .text          0x00000000        0x0 c:/program files (x86)/cypress/psoc creator/4.2/psoc creator/import/gnu/arm/5.4.1/bin/../lib/gcc/arm-none-eabi/5.4.1/../../../../arm-none-eabi/lib/armv6-m\libg_nano.a(lib_a-exit.o)
 .data          0x00000000        0x0 c:/program files (x86)/cypress/psoc creator/4.2/psoc creator/import/gnu/arm/5.4.1/bin/../lib/gcc/arm-none-eabi/5.4.1/../../../../arm-none-eabi/lib/armv6-m\libg_nano.a(lib_a-exit.o)
 .bss           0x00000000        0x0 c:/program files (x86)/cypress/psoc creator/4.2/psoc creator/import/gnu/arm/5.4.1/bin/../lib/gcc/arm-none-eabi/5.4.1/../../../../arm-none-eabi/lib/armv6-m\libg_nano.a(lib_a-exit.o)
 .text.exit     0x00000000       0x2c c:/program files (x86)/cypress/psoc creator/4.2/psoc creator/import/gnu/arm/5.4.1/bin/../lib/gcc/arm-none-eabi/5.4.1/../../../../arm-none-eabi/lib/armv6-m\libg_nano.a(lib_a-exit.o)
 .text          0x00000000        0x0 c:/program files (x86)/cypress/psoc creator/4.2/psoc creator/import/gnu/arm/5.4.1/bin/../lib/gcc/arm-none-eabi/5.4.1/../../../../arm-none-eabi/lib/armv6-m\libg_nano.a(lib_a-impure.o)
 .data          0x00000000        0x0 c:/program files (x86)/cypress/psoc creator/4.2/psoc creator/import/gnu/arm/5.4.1/bin/../lib/gcc/arm-none-eabi/5.4.1/../../../../arm-none-eabi/lib/armv6-m\libg_nano.a(lib_a-impure.o)
 .bss           0x00000000        0x0 c:/program files (x86)/cypress/psoc creator/4.2/psoc creator/import/gnu/arm/5.4.1/bin/../lib/gcc/arm-none-eabi/5.4.1/../../../../arm-none-eabi/lib/armv6-m\libg_nano.a(lib_a-impure.o)
 .rodata._global_impure_ptr
                0x00000000        0x4 c:/program files (x86)/cypress/psoc creator/4.2/psoc creator/import/gnu/arm/5.4.1/bin/../lib/gcc/arm-none-eabi/5.4.1/../../../../arm-none-eabi/lib/armv6-m\libg_nano.a(lib_a-impure.o)
 .text          0x00000000        0x0 c:/program files (x86)/cypress/psoc creator/4.2/psoc creator/import/gnu/arm/5.4.1/bin/../lib/gcc/arm-none-eabi/5.4.1/../../../../arm-none-eabi/lib/armv6-m\libg_nano.a(lib_a-init.o)
 .data          0x00000000        0x0 c:/program files (x86)/cypress/psoc creator/4.2/psoc creator/import/gnu/arm/5.4.1/bin/../lib/gcc/arm-none-eabi/5.4.1/../../../../arm-none-eabi/lib/armv6-m\libg_nano.a(lib_a-init.o)
 .bss           0x00000000        0x0 c:/program files (x86)/cypress/psoc creator/4.2/psoc creator/import/gnu/arm/5.4.1/bin/../lib/gcc/arm-none-eabi/5.4.1/../../../../arm-none-eabi/lib/armv6-m\libg_nano.a(lib_a-init.o)
 .text          0x00000000        0x0 c:/program files (x86)/cypress/psoc creator/4.2/psoc creator/import/gnu/arm/5.4.1/bin/../lib/gcc/arm-none-eabi/5.4.1/../../../../arm-none-eabi/lib/armv6-m\libg_nano.a(lib_a-memcpy-stub.o)
 .data          0x00000000        0x0 c:/program files (x86)/cypress/psoc creator/4.2/psoc creator/import/gnu/arm/5.4.1/bin/../lib/gcc/arm-none-eabi/5.4.1/../../../../arm-none-eabi/lib/armv6-m\libg_nano.a(lib_a-memcpy-stub.o)
 .bss           0x00000000        0x0 c:/program files (x86)/cypress/psoc creator/4.2/psoc creator/import/gnu/arm/5.4.1/bin/../lib/gcc/arm-none-eabi/5.4.1/../../../../arm-none-eabi/lib/armv6-m\libg_nano.a(lib_a-memcpy-stub.o)
 .text          0x00000000        0x0 c:/program files (x86)/cypress/psoc creator/4.2/psoc creator/import/gnu/arm/5.4.1/bin/../lib/gcc/arm-none-eabi/5.4.1/../../../../arm-none-eabi/lib/armv6-m\libg_nano.a(lib_a-memset.o)
 .data          0x00000000        0x0 c:/program files (x86)/cypress/psoc creator/4.2/psoc creator/import/gnu/arm/5.4.1/bin/../lib/gcc/arm-none-eabi/5.4.1/../../../../arm-none-eabi/lib/armv6-m\libg_nano.a(lib_a-memset.o)
 .bss           0x00000000        0x0 c:/program files (x86)/cypress/psoc creator/4.2/psoc creator/import/gnu/arm/5.4.1/bin/../lib/gcc/arm-none-eabi/5.4.1/../../../../arm-none-eabi/lib/armv6-m\libg_nano.a(lib_a-memset.o)
 .text          0x00000000        0x0 c:/program files (x86)/cypress/psoc creator/4.2/psoc creator/import/gnu/arm/5.4.1/bin/../lib/gcc/arm-none-eabi/5.4.1/armv6-m/crtend.o
 .data          0x00000000        0x0 c:/program files (x86)/cypress/psoc creator/4.2/psoc creator/import/gnu/arm/5.4.1/bin/../lib/gcc/arm-none-eabi/5.4.1/armv6-m/crtend.o
 .bss           0x00000000        0x0 c:/program files (x86)/cypress/psoc creator/4.2/psoc creator/import/gnu/arm/5.4.1/bin/../lib/gcc/arm-none-eabi/5.4.1/armv6-m/crtend.o
 .text          0x00000000        0x0 c:/program files (x86)/cypress/psoc creator/4.2/psoc creator/import/gnu/arm/5.4.1/bin/../lib/gcc/arm-none-eabi/5.4.1/armv6-m/crtn.o
 .data          0x00000000        0x0 c:/program files (x86)/cypress/psoc creator/4.2/psoc creator/import/gnu/arm/5.4.1/bin/../lib/gcc/arm-none-eabi/5.4.1/armv6-m/crtn.o
 .bss           0x00000000        0x0 c:/program files (x86)/cypress/psoc creator/4.2/psoc creator/import/gnu/arm/5.4.1/bin/../lib/gcc/arm-none-eabi/5.4.1/armv6-m/crtn.o

Memory Configuration

Name             Origin             Length             Attributes
rom              0x00000000         0x00020000         xr
ram              0x20000000         0x00004000         xrw
*default*        0x00000000         0xffffffff

Linker script and memory map

LOAD c:/program files (x86)/cypress/psoc creator/4.2/psoc creator/import/gnu/arm/5.4.1/bin/../lib/gcc/arm-none-eabi/5.4.1/armv6-m/crti.o
LOAD c:/program files (x86)/cypress/psoc creator/4.2/psoc creator/import/gnu/arm/5.4.1/bin/../lib/gcc/arm-none-eabi/5.4.1/armv6-m/crtbegin.o
LOAD c:/program files (x86)/cypress/psoc creator/4.2/psoc creator/import/gnu/arm/5.4.1/bin/../lib/gcc/arm-none-eabi/5.4.1/../../../../arm-none-eabi/lib/armv6-m/crt0.o
START GROUP
LOAD .\CortexM0\ARM_GCC_541\Debug\main.o
LOAD .\CortexM0\ARM_GCC_541\Debug\cyfitter_cfg.o
LOAD .\CortexM0\ARM_GCC_541\Debug\cymetadata.o
LOAD .\CortexM0\ARM_GCC_541\Debug\Cm0Start.o
LOAD .\CortexM0\ARM_GCC_541\Debug\Design01.a
END GROUP
START GROUP
LOAD c:/program files (x86)/cypress/psoc creator/4.2/psoc creator/import/gnu/arm/5.4.1/bin/../lib/gcc/arm-none-eabi/5.4.1/armv6-m\libgcc.a
LOAD c:/program files (x86)/cypress/psoc creator/4.2/psoc creator/import/gnu/arm/5.4.1/bin/../lib/gcc/arm-none-eabi/5.4.1/../../../../arm-none-eabi/lib/armv6-m\libg_nano.a
LOAD c:/program files (x86)/cypress/psoc creator/4.2/psoc creator/import/gnu/arm/5.4.1/bin/../lib/gcc/arm-none-eabi/5.4.1/../../../../arm-none-eabi/lib/armv6-m\libc_nano.a
END GROUP
START GROUP
LOAD c:/program files (x86)/cypress/psoc creator/4.2/psoc creator/import/gnu/arm/5.4.1/bin/../lib/gcc/arm-none-eabi/5.4.1/armv6-m\libgcc.a
LOAD c:/program files (x86)/cypress/psoc creator/4.2/psoc creator/import/gnu/arm/5.4.1/bin/../lib/gcc/arm-none-eabi/5.4.1/../../../../arm-none-eabi/lib/armv6-m\libc_nano.a
END GROUP
LOAD c:/program files (x86)/cypress/psoc creator/4.2/psoc creator/import/gnu/arm/5.4.1/bin/../lib/gcc/arm-none-eabi/5.4.1/armv6-m/crtend.o
LOAD c:/program files (x86)/cypress/psoc creator/4.2/psoc creator/import/gnu/arm/5.4.1/bin/../lib/gcc/arm-none-eabi/5.4.1/armv6-m/crtn.o
START GROUP
LOAD c:/program files (x86)/cypress/psoc creator/4.2/psoc creator/import/gnu/arm/5.4.1/bin/../lib/gcc/arm-none-eabi/5.4.1/armv6-m\libgcc.a
LOAD c:/program files (x86)/cypress/psoc creator/4.2/psoc creator/import/gnu/arm/5.4.1/bin/../lib/gcc/arm-none-eabi/5.4.1/../../../../arm-none-eabi/lib/armv6-m\libc.a
LOAD c:/program files (x86)/cypress/psoc creator/4.2/psoc creator/import/gnu/arm/5.4.1/bin/../lib/gcc/arm-none-eabi/5.4.1/../../../../arm-none-eabi/lib/armv6-m\libnosys.a
END GROUP
                0x00000000                CY_APPL_ORIGIN = 0x0
                0x00000080                CY_FLASH_ROW_SIZE = 0x80
                0x00000001                CY_APPL_NUM = 0x1
                0x00000001                CY_APPL_MAX = 0x1
                0x00000040                CY_METADATA_SIZE = 0x40
                0x00000000                CY_APPL_LOADABLE = 0x0
                0x00000000                CY_CHECKSUM_EXCLUDE_SIZE = ALIGN (0x0, CY_FLASH_ROW_SIZE)
                0x00000000                CY_APP_FOR_STACK_AND_COPIER = 0x0
                [!provide]                PROVIDE (__cy_heap_start, _end)
                0x00000001                PROVIDE (__cy_region_num, ((__cy_regions_end - __cy_regions) / 0x10))
                0x20004000                PROVIDE (__cy_stack, (ORIGIN (ram) + LENGTH (ram)))
                [!provide]                PROVIDE (__cy_heap_end, (__cy_stack - 0x800))

.cybootloader   0x00000000        0x0
 *(.cybootloader)
                0x00000000                appl1_start = CY_APPL_ORIGIN?CY_APPL_ORIGIN:ALIGN (CY_FLASH_ROW_SIZE)
                0x0000ff80                appl2_start = (appl1_start + ALIGN ((((LENGTH (rom) - appl1_start) - (0x2 * CY_FLASH_ROW_SIZE)) / 0x2), CY_FLASH_ROW_SIZE))
                0x00000000                appl_start = (CY_APPL_NUM == 0x1)?appl1_start:appl2_start
                0x00000001                cy_project_type_bootloader = (appl_start == 0x0)?0x1:0x0
                0x00000000                cy_project_type_app_for_stack_and_copier = (CY_APP_FOR_STACK_AND_COPIER == 0x1)?0x1:0x0

.text           0x00000000     0x228a
 CREATE_OBJECT_SYMBOLS
                0x00000000                PROVIDE (__cy_interrupt_vector, RomVectors)
 *(.romvectors)
 .romvectors    0x00000000       0x10 .\CortexM0\ARM_GCC_541\Debug\Cm0Start.o
                0x00000000                RomVectors
                0x00000001                ASSERT ((. != __cy_interrupt_vector), No interrupt vector)
                0x00000001                ASSERT (CY_APPL_ORIGIN?(SIZEOF (.cybootloader) <= CY_APPL_ORIGIN):0x1, Wrong image location)
                0x00000010                PROVIDE (__cy_reset, Reset)
 *(.text.Reset)
 .text.Reset    0x00000010        0x8 .\CortexM0\ARM_GCC_541\Debug\Cm0Start.o
                0x00000010                Reset
                0x00000001                ASSERT ((. != __cy_reset), No reset code)
 *(.psocinit)
 .psocinit      0x00000018      0x17c .\CortexM0\ARM_GCC_541\Debug\cyfitter_cfg.o
                0x000000f0                cyfitter_cfg
                0x00000194                . = MAX (., 0x100)
 *(.text .text.* .gnu.linkonce.t.*)
 .text          0x00000194       0x60 c:/program files (x86)/cypress/psoc creator/4.2/psoc creator/import/gnu/arm/5.4.1/bin/../lib/gcc/arm-none-eabi/5.4.1/armv6-m/crtbegin.o
 .text.main     0x000001f4       0x3c .\CortexM0\ARM_GCC_541\Debug\main.o
                0x000001f4                main
 .text.AnalogSetDefault
                0x00000230       0x20 .\CortexM0\ARM_GCC_541\Debug\cyfitter_cfg.o
 .text.CYMEMZERO
                0x00000250        0xc .\CortexM0\ARM_GCC_541\Debug\cyfitter_cfg.o
 .text.IntDefaultHandler
                0x0000025c       0x10 .\CortexM0\ARM_GCC_541\Debug\Cm0Start.o
                0x0000025c                IntDefaultHandler
 .text.Start_c  0x0000026c       0x48 .\CortexM0\ARM_GCC_541\Debug\Cm0Start.o
                0x0000026c                Start_c
 .text.initialize_psoc
                0x000002b4       0x4c .\CortexM0\ARM_GCC_541\Debug\Cm0Start.o
                0x000002b4                initialize_psoc
 .text.OLED_SSD1306_1_OLED_Start
                0x00000300        0x8 .\CortexM0\ARM_GCC_541\Debug\Design01.a(OLED_SSD1306_1_SSD1306_API.o)
                0x00000300                OLED_SSD1306_1_OLED_Start
 .text.OLED_SSD1306_1_OLED_mode_select
                0x00000308       0x1c .\CortexM0\ARM_GCC_541\Debug\Design01.a(OLED_SSD1306_1_SSD1306_API.o)
                0x00000308                OLED_SSD1306_1_OLED_mode_select
 .text.OLED_SSD1306_1_OLED_toggle_Reset
                0x00000324       0x18 .\CortexM0\ARM_GCC_541\Debug\Design01.a(OLED_SSD1306_1_SSD1306_API.o)
                0x00000324                OLED_SSD1306_1_OLED_toggle_Reset
 .text.OLED_SSD1306_1_OLED_config
                0x0000033c       0xdc .\CortexM0\ARM_GCC_541\Debug\Design01.a(OLED_SSD1306_1_SSD1306_API.o)
                0x0000033c                OLED_SSD1306_1_OLED_config
 .text.OLED_SSD1306_1_OLED_create_default_config
                0x00000418       0x1c .\CortexM0\ARM_GCC_541\Debug\Design01.a(OLED_SSD1306_1_SSD1306_API.o)
                0x00000418                OLED_SSD1306_1_OLED_create_default_config
 .text.OLED_SSD1306_1_OLED_set_addr_mode
                0x00000434       0x30 .\CortexM0\ARM_GCC_541\Debug\Design01.a(OLED_SSD1306_1_SSD1306_API.o)
                0x00000434                OLED_SSD1306_1_OLED_set_addr_mode
 .text.OLED_SSD1306_1_OLED_set_page_addr
                0x00000464       0x34 .\CortexM0\ARM_GCC_541\Debug\Design01.a(OLED_SSD1306_1_SSD1306_API.o)
                0x00000464                OLED_SSD1306_1_OLED_set_page_addr
 .text.OLED_SSD1306_1_OLED_set_column_addr
                0x00000498       0x40 .\CortexM0\ARM_GCC_541\Debug\Design01.a(OLED_SSD1306_1_SSD1306_API.o)
                0x00000498                OLED_SSD1306_1_OLED_set_column_addr
 .text.OLED_SSD1306_1_OLED_clear_display
                0x000004d8       0x70 .\CortexM0\ARM_GCC_541\Debug\Design01.a(OLED_SSD1306_1_SSD1306_API.o)
                0x000004d8                OLED_SSD1306_1_OLED_clear_display
 .text.OLED_SSD1306_1_OLED_draw_rectangle
                0x00000548      0x1b4 .\CortexM0\ARM_GCC_541\Debug\Design01.a(OLED_SSD1306_1_SSD1306_API.o)
                0x00000548                OLED_SSD1306_1_OLED_draw_rectangle
 .text.OLED_SSD1306_1_OLED_write_characters
                0x000006fc     0x1018 .\CortexM0\ARM_GCC_541\Debug\Design01.a(OLED_SSD1306_1_SSD1306_API.o)
                0x000006fc                OLED_SSD1306_1_OLED_write_characters
 .text.OLED_SSD1306_1_OLED_ADDR_Select_Write
                0x00001714       0x18 .\CortexM0\ARM_GCC_541\Debug\Design01.a(OLED_SSD1306_1_OLED_ADDR_Select.o)
                0x00001714                OLED_SSD1306_1_OLED_ADDR_Select_Write
 .text.OLED_SSD1306_1_OLED_Reset_Write
                0x0000172c       0x18 .\CortexM0\ARM_GCC_541\Debug\Design01.a(OLED_SSD1306_1_OLED_Reset.o)
                0x0000172c                OLED_SSD1306_1_OLED_Reset_Write
 .text.CySysClkWriteImoFreq
                0x00001744       0x64 .\CortexM0\ARM_GCC_541\Debug\Design01.a(CyLib.o)
                0x00001744                CySysClkWriteImoFreq
 .text.CySysClkEcoReadStatus
                0x000017a8       0x10 .\CortexM0\ARM_GCC_541\Debug\Design01.a(CyLib.o)
                0x000017a8                CySysClkEcoReadStatus
 .text.CyIntEnable
                0x000017b8       0x14 .\CortexM0\ARM_GCC_541\Debug\Design01.a(CyLib.o)
                0x000017b8                CyIntEnable
 .text.CyIntDisable
                0x000017cc       0x14 .\CortexM0\ARM_GCC_541\Debug\Design01.a(CyLib.o)
                0x000017cc                CyIntDisable
 .text.CyHalt   0x000017e0        0x4 .\CortexM0\ARM_GCC_541\Debug\Design01.a(CyLib.o)
                0x000017e0                CyHalt
 .text.CyIntSetVector
                0x000017e4       0x24 .\CortexM0\ARM_GCC_541\Debug\Design01.a(CyLib.o)
                0x000017e4                CyIntSetVector
 .text.CyIntSetPriority
                0x00001808       0x4c .\CortexM0\ARM_GCC_541\Debug\Design01.a(CyLib.o)
                0x00001808                CyIntSetPriority
 .text.CyDelay  0x00001854       0x30 .\CortexM0\ARM_GCC_541\Debug\Design01.a(CyLib.o)
                0x00001854                CyDelay
 .text.CyDelayUs
                0x00001884       0x14 .\CortexM0\ARM_GCC_541\Debug\Design01.a(CyLib.o)
                0x00001884                CyDelayUs
 .text.CySysClkEcoStart
                0x00001898       0x54 .\CortexM0\ARM_GCC_541\Debug\Design01.a(CyLib.o)
                0x00001898                CySysClkEcoStart
 .text.CySysWdtLocked
                0x000018ec       0x14 .\CortexM0\ARM_GCC_541\Debug\Design01.a(CyLFClk.o)
 .text.CySysClkWcoStart
                0x00001900       0x40 .\CortexM0\ARM_GCC_541\Debug\Design01.a(CyLFClk.o)
                0x00001900                CySysClkWcoStart
 .text.CySysClkWcoSetPowerMode
                0x00001940       0x80 .\CortexM0\ARM_GCC_541\Debug\Design01.a(CyLFClk.o)
                0x00001940                CySysClkWcoSetPowerMode
 .text.CySysWdtLock
                0x000019c0       0x1c .\CortexM0\ARM_GCC_541\Debug\Design01.a(CyLFClk.o)
                0x000019c0                CySysWdtLock
 .text.CySysWdtUnlock
                0x000019dc       0x30 .\CortexM0\ARM_GCC_541\Debug\Design01.a(CyLFClk.o)
                0x000019dc                CySysWdtUnlock
 .text.CySysWdtClearInterrupt
                0x00001a0c       0x4c .\CortexM0\ARM_GCC_541\Debug\Design01.a(CyLFClk.o)
                0x00001a0c                CySysWdtClearInterrupt
 .text.CySysWdtIsr
                0x00001a58       0xa4 .\CortexM0\ARM_GCC_541\Debug\Design01.a(CyLFClk.o)
                0x00001a58                CySysWdtIsr
 .text.OLED_SSD1306_1_I2C_ScbEnableIntr
                0x00001afc        0xc .\CortexM0\ARM_GCC_541\Debug\Design01.a(OLED_SSD1306_1_I2C.o)
 .text.OLED_SSD1306_1_I2C_Init
                0x00001b08        0x8 .\CortexM0\ARM_GCC_541\Debug\Design01.a(OLED_SSD1306_1_I2C.o)
                0x00001b08                OLED_SSD1306_1_I2C_Init
 .text.OLED_SSD1306_1_I2C_Enable
                0x00001b10       0x18 .\CortexM0\ARM_GCC_541\Debug\Design01.a(OLED_SSD1306_1_I2C.o)
                0x00001b10                OLED_SSD1306_1_I2C_Enable
 .text.OLED_SSD1306_1_I2C_Start
                0x00001b28       0x20 .\CortexM0\ARM_GCC_541\Debug\Design01.a(OLED_SSD1306_1_I2C.o)
                0x00001b28                OLED_SSD1306_1_I2C_Start
 .text.OLED_SSD1306_1_I2C_I2CInit
                0x00001b48       0xb8 .\CortexM0\ARM_GCC_541\Debug\Design01.a(OLED_SSD1306_1_I2C_I2C.o)
                0x00001b48                OLED_SSD1306_1_I2C_I2CInit
 .text.OLED_SSD1306_1_I2C_I2CFwBlockReset
                0x00001c00       0x5c .\CortexM0\ARM_GCC_541\Debug\Design01.a(OLED_SSD1306_1_I2C_I2C.o)
                0x00001c00                OLED_SSD1306_1_I2C_I2CFwBlockReset
 .text.OLED_SSD1306_1_I2C_I2CMasterWaitOneUnit
                0x00001c5c       0x28 .\CortexM0\ARM_GCC_541\Debug\Design01.a(OLED_SSD1306_1_I2C_I2C_MASTER.o)
 .text.OLED_SSD1306_1_I2C_I2CMasterHandleStatus
                0x00001c84       0xc4 .\CortexM0\ARM_GCC_541\Debug\Design01.a(OLED_SSD1306_1_I2C_I2C_MASTER.o)
 .text.OLED_SSD1306_1_I2C_I2CMasterSendStart
                0x00001d48       0xc4 .\CortexM0\ARM_GCC_541\Debug\Design01.a(OLED_SSD1306_1_I2C_I2C_MASTER.o)
                0x00001d48                OLED_SSD1306_1_I2C_I2CMasterSendStart
 .text.OLED_SSD1306_1_I2C_I2CMasterSendStop
                0x00001e0c       0x58 .\CortexM0\ARM_GCC_541\Debug\Design01.a(OLED_SSD1306_1_I2C_I2C_MASTER.o)
                0x00001e0c                OLED_SSD1306_1_I2C_I2CMasterSendStop
 .text.OLED_SSD1306_1_I2C_I2CMasterWriteByte
                0x00001e64       0x48 .\CortexM0\ARM_GCC_541\Debug\Design01.a(OLED_SSD1306_1_I2C_I2C_MASTER.o)
                0x00001e64                OLED_SSD1306_1_I2C_I2CMasterWriteByte
 *fill*         0x00001eac        0x4 
 .text          0x00001eb0       0x20 .\CortexM0\ARM_GCC_541\Debug\Design01.a(CyBootAsmGnu.o)
                0x00001eb0                CyDelayCycles
                0x00001ec2                CyEnterCriticalSection
                0x00001eca                CyExitCriticalSection
 .text.OLED_SSD1306_1_I2C_I2C_ISR
                0x00001ed0      0x340 .\CortexM0\ARM_GCC_541\Debug\Design01.a(OLED_SSD1306_1_I2C_I2C_INT.o)
                0x00001ed0                OLED_SSD1306_1_I2C_I2C_ISR
 .text.__errno  0x00002210        0xc c:/program files (x86)/cypress/psoc creator/4.2/psoc creator/import/gnu/arm/5.4.1/bin/../lib/gcc/arm-none-eabi/5.4.1/../../../../arm-none-eabi/lib/armv6-m\libg_nano.a(lib_a-errno.o)
                0x00002210                __errno
 .text.__libc_init_array
                0x0000221c       0x4c c:/program files (x86)/cypress/psoc creator/4.2/psoc creator/import/gnu/arm/5.4.1/bin/../lib/gcc/arm-none-eabi/5.4.1/../../../../arm-none-eabi/lib/armv6-m\libg_nano.a(lib_a-init.o)
                0x0000221c                __libc_init_array
 .text.memcpy   0x00002268       0x12 c:/program files (x86)/cypress/psoc creator/4.2/psoc creator/import/gnu/arm/5.4.1/bin/../lib/gcc/arm-none-eabi/5.4.1/../../../../arm-none-eabi/lib/armv6-m\libg_nano.a(lib_a-memcpy-stub.o)
                0x00002268                memcpy
 .text.memset   0x0000227a       0x10 c:/program files (x86)/cypress/psoc creator/4.2/psoc creator/import/gnu/arm/5.4.1/bin/../lib/gcc/arm-none-eabi/5.4.1/../../../../arm-none-eabi/lib/armv6-m\libg_nano.a(lib_a-memset.o)
                0x0000227a                memset
 *(.plt)
 *(.gnu.warning)
 *(.glue_7t)
 .glue_7t       0x0000228a        0x0 linker stubs
 *(.glue_7)
 .glue_7        0x0000228a        0x0 linker stubs
 *(.vfp11_veneer)
 .vfp11_veneer  0x0000228a        0x0 linker stubs
 *(.bootloader)
 *(.ARM.extab* .gnu.linkonce.armextab.*)
 *(.gcc_except_table)

.v4_bx          0x0000228c        0x0
 .v4_bx         0x0000228c        0x0 linker stubs

.iplt           0x0000228c        0x0
 .iplt          0x0000228c        0x0 c:/program files (x86)/cypress/psoc creator/4.2/psoc creator/import/gnu/arm/5.4.1/bin/../lib/gcc/arm-none-eabi/5.4.1/armv6-m/crtbegin.o

.eh_frame_hdr
 *(.eh_frame_hdr)

.eh_frame       0x0000228c        0x4
 *(.eh_frame)
 .eh_frame      0x0000228c        0x0 c:/program files (x86)/cypress/psoc creator/4.2/psoc creator/import/gnu/arm/5.4.1/bin/../lib/gcc/arm-none-eabi/5.4.1/armv6-m/crtbegin.o
 .eh_frame      0x0000228c        0x4 c:/program files (x86)/cypress/psoc creator/4.2/psoc creator/import/gnu/arm/5.4.1/bin/../lib/gcc/arm-none-eabi/5.4.1/armv6-m/crtend.o
                [!provide]                PROVIDE (__exidx_start, .)

.ARM.exidx
 *(.ARM.exidx* .gnu.linkonce.armexidx.*)
                0x00002290                __exidx_end = .

.rodata         0x00002290      0x3b0
 *(.rodata .rodata.* .gnu.linkonce.r.*)
 .rodata.str1.4
                0x00002290        0x8 .\CortexM0\ARM_GCC_541\Debug\main.o
                                  0x6 (size before relaxing)
 .rodata        0x00002298        0xc .\CortexM0\ARM_GCC_541\Debug\cyfitter_cfg.o
 .rodata        0x000022a4      0x338 .\CortexM0\ARM_GCC_541\Debug\Design01.a(OLED_SSD1306_1_SSD1306_API.o)
 .rodata        0x000025dc       0x2e .\CortexM0\ARM_GCC_541\Debug\Design01.a(CyLib.o)
                0x000025dc                cyImoFreqMhz2Reg
 .rodata.str1.1
                0x0000260a        0x2 c:/program files (x86)/cypress/psoc creator/4.2/psoc creator/import/gnu/arm/5.4.1/bin/../lib/gcc/arm-none-eabi/5.4.1/../../../../arm-none-eabi/lib/armv6-m\libg_nano.a(lib_a-impure.o)
                0x0000260c                . = ALIGN (0x4)
 *(.init)
 .init          0x0000260c        0x4 c:/program files (x86)/cypress/psoc creator/4.2/psoc creator/import/gnu/arm/5.4.1/bin/../lib/gcc/arm-none-eabi/5.4.1/armv6-m/crti.o
                0x0000260c                _init
 .init          0x00002610        0x8 c:/program files (x86)/cypress/psoc creator/4.2/psoc creator/import/gnu/arm/5.4.1/bin/../lib/gcc/arm-none-eabi/5.4.1/armv6-m/crtn.o
                0x00002618                . = ALIGN (0x4)
                0x00002618                __preinit_array_start = .
 *(.preinit_array)
                0x00002618                __preinit_array_end = .
                0x00002618                . = ALIGN (0x4)
                0x00002618                __init_array_start = .
 *(SORT(.init_array.*))
 *(.init_array)
 .init_array    0x00002618        0x4 c:/program files (x86)/cypress/psoc creator/4.2/psoc creator/import/gnu/arm/5.4.1/bin/../lib/gcc/arm-none-eabi/5.4.1/armv6-m/crtbegin.o
 .init_array    0x0000261c        0x4 .\CortexM0\ARM_GCC_541\Debug\Cm0Start.o
                0x00002620                __init_array_end = .
                0x00002620                . = ALIGN (0x4)
 *(.fini)
 .fini          0x00002620        0x4 c:/program files (x86)/cypress/psoc creator/4.2/psoc creator/import/gnu/arm/5.4.1/bin/../lib/gcc/arm-none-eabi/5.4.1/armv6-m/crti.o
                0x00002620                _fini
 .fini          0x00002624        0x8 c:/program files (x86)/cypress/psoc creator/4.2/psoc creator/import/gnu/arm/5.4.1/bin/../lib/gcc/arm-none-eabi/5.4.1/armv6-m/crtn.o
                0x0000262c                . = ALIGN (0x4)
                0x0000262c                __fini_array_start = .
 *(.fini_array)
 .fini_array    0x0000262c        0x4 c:/program files (x86)/cypress/psoc creator/4.2/psoc creator/import/gnu/arm/5.4.1/bin/../lib/gcc/arm-none-eabi/5.4.1/armv6-m/crtbegin.o
 *(SORT(.fini_array.*))
                0x00002630                __fini_array_end = .
                0x00002630                . = ALIGN (0x4)
 *crtbegin.o(.ctors)
 *(EXCLUDE_FILE(*crtend.o) .ctors)
 *(SORT(.ctors.*))
 *crtend.o(.ctors)
                0x00002630                . = ALIGN (0x4)
 *crtbegin.o(.dtors)
 *(EXCLUDE_FILE(*crtend.o) .dtors)
 *(SORT(.dtors.*))
 *crtend.o(.dtors)
                0x00002630                . = ALIGN (0x4)
                0x00002630                __cy_regions = .
                0x00002630        0x4 LONG 0x2640 __cy_region_init_ram
                0x00002634        0x4 LONG 0x200000c0 __cy_region_start_data
                0x00002638        0x4 LONG 0x88 __cy_region_init_size_ram
                0x0000263c        0x4 LONG 0x78 __cy_region_zero_size_ram
                0x00002640                __cy_regions_end = .
                0x00002640                . = ALIGN (0x8)
                0x00002640                _etext = .

.cy_checksum_exclude
                0x00002640        0x0
 *(.cy_checksum_exclude)

.ramvectors     0x20000000       0xc0
                0x20000000                __cy_region_start_ram = .
 *(.ramvectors)
 .ramvectors    0x20000000       0xc0 .\CortexM0\ARM_GCC_541\Debug\Cm0Start.o
                0x20000000                CyRamVectors

.noinit
 *(.noinit)

.data           0x200000c0       0x88 load address 0x00002640
                0x200000c0                __cy_region_start_data = .
 *(.jcr)
 .jcr           0x200000c0        0x0 c:/program files (x86)/cypress/psoc creator/4.2/psoc creator/import/gnu/arm/5.4.1/bin/../lib/gcc/arm-none-eabi/5.4.1/armv6-m/crtbegin.o
 .jcr           0x200000c0        0x4 c:/program files (x86)/cypress/psoc creator/4.2/psoc creator/import/gnu/arm/5.4.1/bin/../lib/gcc/arm-none-eabi/5.4.1/armv6-m/crtend.o
 *(.got.plt)
 *(.got)
 *(.shdata)
 *(.data .data.* .gnu.linkonce.d.*)
 .data          0x200000c4       0x14 .\CortexM0\ARM_GCC_541\Debug\Design01.a(CyLib.o)
                0x200000c4                CySysClkPumpConfig
                0x200000c8                cydelay32kMs
                0x200000cc                cydelayFreqKhz
                0x200000d0                cydelayFreqMhz
                0x200000d4                cydelayFreqHz
 .data          0x200000d8        0x8 .\CortexM0\ARM_GCC_541\Debug\Design01.a(CyLFClk.o)
 .data.impure_data
                0x200000e0       0x60 c:/program files (x86)/cypress/psoc creator/4.2/psoc creator/import/gnu/arm/5.4.1/bin/../lib/gcc/arm-none-eabi/5.4.1/../../../../arm-none-eabi/lib/armv6-m\libg_nano.a(lib_a-impure.o)
 .data._impure_ptr
                0x20000140        0x4 c:/program files (x86)/cypress/psoc creator/4.2/psoc creator/import/gnu/arm/5.4.1/bin/../lib/gcc/arm-none-eabi/5.4.1/../../../../arm-none-eabi/lib/armv6-m\libg_nano.a(lib_a-impure.o)
                0x20000140                _impure_ptr
                0x20000148                . = ALIGN (0x8)
 *fill*         0x20000144        0x4 
 *(.ram)
                0x20000148                _edata = .

.igot.plt       0x20000148        0x0 load address 0x000026c8
 .igot.plt      0x20000148        0x0 c:/program files (x86)/cypress/psoc creator/4.2/psoc creator/import/gnu/arm/5.4.1/bin/../lib/gcc/arm-none-eabi/5.4.1/armv6-m/crtbegin.o

.bss            0x20000148       0x78 load address 0x000026c8
                0x20000148                PROVIDE (__bss_start__, .)
 *(.shbss)
 *(.bss .bss.* .gnu.linkonce.b.*)
 .bss           0x20000148       0x1c c:/program files (x86)/cypress/psoc creator/4.2/psoc creator/import/gnu/arm/5.4.1/bin/../lib/gcc/arm-none-eabi/5.4.1/armv6-m/crtbegin.o
 .bss           0x20000164       0x28 .\CortexM0\ARM_GCC_541\Debug\Design01.a(CyLFClk.o)
 .bss           0x2000018c        0x8 .\CortexM0\ARM_GCC_541\Debug\Design01.a(OLED_SSD1306_1_I2C.o)
                0x2000018c                OLED_SSD1306_1_I2C_initVar
                0x20000190                OLED_SSD1306_1_I2C_customIntrHandler
 *(COMMON)
 COMMON         0x20000194        0x1 .\CortexM0\ARM_GCC_541\Debug\Design01.a(OLED_SSD1306_1_I2C_I2C.o)
                0x20000194                OLED_SSD1306_1_I2C_state
 *fill*         0x20000195        0x3 
 COMMON         0x20000198       0x24 .\CortexM0\ARM_GCC_541\Debug\Design01.a(OLED_SSD1306_1_I2C_I2C_MASTER.o)
                0x20000198                OLED_SSD1306_1_I2C_mstrWrBufSize
                0x2000019c                OLED_SSD1306_1_I2C_mstrStatus
                0x200001a0                OLED_SSD1306_1_I2C_mstrWrBufIndex
                0x200001a4                OLED_SSD1306_1_I2C_mstrWrBufIndexTmp
                0x200001a8                OLED_SSD1306_1_I2C_mstrRdBufPtr
                0x200001ac                OLED_SSD1306_1_I2C_mstrRdBufIndex
                0x200001b0                OLED_SSD1306_1_I2C_mstrControl
                0x200001b4                OLED_SSD1306_1_I2C_mstrRdBufSize
                0x200001b8                OLED_SSD1306_1_I2C_mstrWrBufPtr
                0x200001c0                . = ALIGN (0x8)
 *fill*         0x200001bc        0x4 
 *(.ram.b)
                0x200001c0                _end = .
                0x200001c0                __end = .
                0x200001c0                PROVIDE (end, .)
                0x200001c0                PROVIDE (__bss_end__, .)
                0x00002640                __cy_region_init_ram = LOADADDR (.data)
                0x00000088                __cy_region_init_size_ram = (_edata - ADDR (.data))
                0x00000078                __cy_region_zero_size_ram = (_end - _edata)

.heap           0x200001c0       0x80 load address 0x000026c8
                0x200001c0                . = _end
                0x20000240                . = (. + 0x80)
 *fill*         0x200001c0       0x80 
                0x20000240                __cy_heap_limit = .

.stack          0x20003800      0x800
                0x20003800                __cy_stack_limit = .
                0x20004000                . = (. + 0x800)
 *fill*         0x20003800      0x800 
                0x00000001                ASSERT ((__cy_stack_limit >= __cy_heap_limit), region RAM overflowed with stack)
                0x00000000                cy_checksum_exclude_size = (CY_APPL_LOADABLE == 0x1)?SIZEOF (.cy_checksum_exclude):0x0
                0x00000001                ASSERT ((cy_checksum_exclude_size <= CY_CHECKSUM_EXCLUDE_SIZE), CY_BOOT: Section .cy_checksum_exclude size exceedes specified limit.)
                0x0001ffc0                cyloadermeta_start = (cy_project_type_bootloader || cy_project_type_app_for_stack_and_copier)?(LENGTH (rom) - CY_METADATA_SIZE):0xf0000000

.cyloadermeta
 *(.cyloadermeta)
                0x0001ffc0                cyloadablemeta_start = cy_project_type_app_for_stack_and_copier?((LENGTH (rom) - CY_FLASH_ROW_SIZE) - CY_METADATA_SIZE):((LENGTH (rom) - (CY_FLASH_ROW_SIZE * (CY_APPL_NUM - 0x1))) - CY_METADATA_SIZE)

.cyloadablemeta
 *(.cyloadablemeta)

.cyflashprotect
                0x90400000       0x80
 *(.cyflashprotect)
 .cyflashprotect
                0x90400000       0x80 .\CortexM0\ARM_GCC_541\Debug\cymetadata.o
                0x90400000                cy_meta_flashprotect

.cymeta         0x90500000        0xc
 *(.cymeta)
 .cymeta        0x90500000        0xc .\CortexM0\ARM_GCC_541\Debug\cymetadata.o
                0x90500000                cy_metadata

.cychipprotect  0x90600000        0x1
 *(.cychipprotect)
 .cychipprotect
                0x90600000        0x1 .\CortexM0\ARM_GCC_541\Debug\cymetadata.o
                0x90600000                cy_meta_chipprotect

.rel.dyn        0x000026c8        0x0 load address 0x90600004
 .rel.iplt      0x000026c8        0x0 c:/program files (x86)/cypress/psoc creator/4.2/psoc creator/import/gnu/arm/5.4.1/bin/../lib/gcc/arm-none-eabi/5.4.1/armv6-m/crtbegin.o

.stab
 *(.stab)

.stabstr
 *(.stabstr)

.debug
 *(.debug)

.line
 *(.line)

.debug_srcinfo
 *(.debug_srcinfo)

.debug_sfnames
 *(.debug_sfnames)

.debug_aranges  0x00000000      0x6b0
 *(.debug_aranges)
 .debug_aranges
                0x00000000       0x20 .\CortexM0\ARM_GCC_541\Debug\main.o
 .debug_aranges
                0x00000020       0x38 .\CortexM0\ARM_GCC_541\Debug\cyfitter_cfg.o
 .debug_aranges
                0x00000058       0x18 .\CortexM0\ARM_GCC_541\Debug\cymetadata.o
 .debug_aranges
                0x00000070       0x48 .\CortexM0\ARM_GCC_541\Debug\Cm0Start.o
 .debug_aranges
                0x000000b8       0xc8 .\CortexM0\ARM_GCC_541\Debug\Design01.a(OLED_SSD1306_1_SSD1306_API.o)
 .debug_aranges
                0x00000180       0x48 .\CortexM0\ARM_GCC_541\Debug\Design01.a(OLED_SSD1306_1_OLED_ADDR_Select.o)
 .debug_aranges
                0x000001c8       0x48 .\CortexM0\ARM_GCC_541\Debug\Design01.a(OLED_SSD1306_1_OLED_Reset.o)
 .debug_aranges
                0x00000210      0x1b0 .\CortexM0\ARM_GCC_541\Debug\Design01.a(CyLib.o)
 .debug_aranges
                0x000003c0      0x188 .\CortexM0\ARM_GCC_541\Debug\Design01.a(CyLFClk.o)
 .debug_aranges
                0x00000548       0x60 .\CortexM0\ARM_GCC_541\Debug\Design01.a(OLED_SSD1306_1_I2C.o)
 .debug_aranges
                0x000005a8       0x30 .\CortexM0\ARM_GCC_541\Debug\Design01.a(OLED_SSD1306_1_I2C_I2C.o)
 .debug_aranges
                0x000005d8       0x98 .\CortexM0\ARM_GCC_541\Debug\Design01.a(OLED_SSD1306_1_I2C_I2C_MASTER.o)
 .debug_aranges
                0x00000670       0x20 .\CortexM0\ARM_GCC_541\Debug\Design01.a(CyBootAsmGnu.o)
 .debug_aranges
                0x00000690       0x20 .\CortexM0\ARM_GCC_541\Debug\Design01.a(OLED_SSD1306_1_I2C_I2C_INT.o)

.debug_pubnames
 *(.debug_pubnames)

.debug_info     0x00000000     0x7777
 *(.debug_info .gnu.linkonce.wi.*)
 .debug_info    0x00000000      0x3d2 .\CortexM0\ARM_GCC_541\Debug\main.o
 .debug_info    0x000003d2      0x32c .\CortexM0\ARM_GCC_541\Debug\cyfitter_cfg.o
 .debug_info    0x000006fe       0xf8 .\CortexM0\ARM_GCC_541\Debug\cymetadata.o
 .debug_info    0x000007f6      0x3a2 .\CortexM0\ARM_GCC_541\Debug\Cm0Start.o
 .debug_info    0x00000b98     0x3df0 .\CortexM0\ARM_GCC_541\Debug\Design01.a(OLED_SSD1306_1_SSD1306_API.o)
 .debug_info    0x00004988      0x19d .\CortexM0\ARM_GCC_541\Debug\Design01.a(OLED_SSD1306_1_OLED_ADDR_Select.o)
 .debug_info    0x00004b25      0x19b .\CortexM0\ARM_GCC_541\Debug\Design01.a(OLED_SSD1306_1_OLED_Reset.o)
 .debug_info    0x00004cc0      0xbd0 .\CortexM0\ARM_GCC_541\Debug\Design01.a(CyLib.o)
 .debug_info    0x00005890     0x1071 .\CortexM0\ARM_GCC_541\Debug\Design01.a(CyLFClk.o)
 .debug_info    0x00006901      0x298 .\CortexM0\ARM_GCC_541\Debug\Design01.a(OLED_SSD1306_1_I2C.o)
 .debug_info    0x00006b99      0x195 .\CortexM0\ARM_GCC_541\Debug\Design01.a(OLED_SSD1306_1_I2C_I2C.o)
 .debug_info    0x00006d2e      0x813 .\CortexM0\ARM_GCC_541\Debug\Design01.a(OLED_SSD1306_1_I2C_I2C_MASTER.o)
 .debug_info    0x00007541       0x8e .\CortexM0\ARM_GCC_541\Debug\Design01.a(CyBootAsmGnu.o)
 .debug_info    0x000075cf      0x1a8 .\CortexM0\ARM_GCC_541\Debug\Design01.a(OLED_SSD1306_1_I2C_I2C_INT.o)

.debug_abbrev   0x00000000     0x111e
 *(.debug_abbrev)
 .debug_abbrev  0x00000000       0xfa .\CortexM0\ARM_GCC_541\Debug\main.o
 .debug_abbrev  0x000000fa      0x166 .\CortexM0\ARM_GCC_541\Debug\cyfitter_cfg.o
 .debug_abbrev  0x00000260       0x5d .\CortexM0\ARM_GCC_541\Debug\cymetadata.o
 .debug_abbrev  0x000002bd      0x1d7 .\CortexM0\ARM_GCC_541\Debug\Cm0Start.o
 .debug_abbrev  0x00000494      0x279 .\CortexM0\ARM_GCC_541\Debug\Design01.a(OLED_SSD1306_1_SSD1306_API.o)
 .debug_abbrev  0x0000070d       0xc8 .\CortexM0\ARM_GCC_541\Debug\Design01.a(OLED_SSD1306_1_OLED_ADDR_Select.o)
 .debug_abbrev  0x000007d5       0xc8 .\CortexM0\ARM_GCC_541\Debug\Design01.a(OLED_SSD1306_1_OLED_Reset.o)
 .debug_abbrev  0x0000089d      0x1e0 .\CortexM0\ARM_GCC_541\Debug\Design01.a(CyLib.o)
 .debug_abbrev  0x00000a7d      0x248 .\CortexM0\ARM_GCC_541\Debug\Design01.a(CyLFClk.o)
 .debug_abbrev  0x00000cc5      0x118 .\CortexM0\ARM_GCC_541\Debug\Design01.a(OLED_SSD1306_1_I2C.o)
 .debug_abbrev  0x00000ddd       0xc7 .\CortexM0\ARM_GCC_541\Debug\Design01.a(OLED_SSD1306_1_I2C_I2C.o)
 .debug_abbrev  0x00000ea4      0x1c2 .\CortexM0\ARM_GCC_541\Debug\Design01.a(OLED_SSD1306_1_I2C_I2C_MASTER.o)
 .debug_abbrev  0x00001066       0x14 .\CortexM0\ARM_GCC_541\Debug\Design01.a(CyBootAsmGnu.o)
 .debug_abbrev  0x0000107a       0xa4 .\CortexM0\ARM_GCC_541\Debug\Design01.a(OLED_SSD1306_1_I2C_I2C_INT.o)

.debug_line     0x00000000     0x2adc
 *(.debug_line)
 .debug_line    0x00000000      0x173 .\CortexM0\ARM_GCC_541\Debug\main.o
 .debug_line    0x00000173      0x160 .\CortexM0\ARM_GCC_541\Debug\cyfitter_cfg.o
 .debug_line    0x000002d3      0x141 .\CortexM0\ARM_GCC_541\Debug\cymetadata.o
 .debug_line    0x00000414      0x236 .\CortexM0\ARM_GCC_541\Debug\Cm0Start.o
 .debug_line    0x0000064a     0x1113 .\CortexM0\ARM_GCC_541\Debug\Design01.a(OLED_SSD1306_1_SSD1306_API.o)
 .debug_line    0x0000175d       0xd7 .\CortexM0\ARM_GCC_541\Debug\Design01.a(OLED_SSD1306_1_OLED_ADDR_Select.o)
 .debug_line    0x00001834       0xd0 .\CortexM0\ARM_GCC_541\Debug\Design01.a(OLED_SSD1306_1_OLED_Reset.o)
 .debug_line    0x00001904      0x4d0 .\CortexM0\ARM_GCC_541\Debug\Design01.a(CyLib.o)
 .debug_line    0x00001dd4      0x5db .\CortexM0\ARM_GCC_541\Debug\Design01.a(CyLFClk.o)
 .debug_line    0x000023af      0x142 .\CortexM0\ARM_GCC_541\Debug\Design01.a(OLED_SSD1306_1_I2C.o)
 .debug_line    0x000024f1       0xe0 .\CortexM0\ARM_GCC_541\Debug\Design01.a(OLED_SSD1306_1_I2C_I2C.o)
 .debug_line    0x000025d1      0x31a .\CortexM0\ARM_GCC_541\Debug\Design01.a(OLED_SSD1306_1_I2C_I2C_MASTER.o)
 .debug_line    0x000028eb       0x68 .\CortexM0\ARM_GCC_541\Debug\Design01.a(CyBootAsmGnu.o)
 .debug_line    0x00002953      0x189 .\CortexM0\ARM_GCC_541\Debug\Design01.a(OLED_SSD1306_1_I2C_I2C_INT.o)

.debug_frame    0x00000000     0x1238
 *(.debug_frame)
 .debug_frame   0x00000000       0x2c .\CortexM0\ARM_GCC_541\Debug\main.o
 .debug_frame   0x0000002c       0x80 .\CortexM0\ARM_GCC_541\Debug\cyfitter_cfg.o
 .debug_frame   0x000000ac       0xbc .\CortexM0\ARM_GCC_541\Debug\Cm0Start.o
 .debug_frame   0x00000168      0x2c4 .\CortexM0\ARM_GCC_541\Debug\Design01.a(OLED_SSD1306_1_SSD1306_API.o)
 .debug_frame   0x0000042c       0x70 .\CortexM0\ARM_GCC_541\Debug\Design01.a(OLED_SSD1306_1_OLED_ADDR_Select.o)
 .debug_frame   0x0000049c       0x70 .\CortexM0\ARM_GCC_541\Debug\Design01.a(OLED_SSD1306_1_OLED_Reset.o)
 .debug_frame   0x0000050c      0x444 .\CortexM0\ARM_GCC_541\Debug\Design01.a(CyLib.o)
 .debug_frame   0x00000950      0x4a8 .\CortexM0\ARM_GCC_541\Debug\Design01.a(CyLFClk.o)
 .debug_frame   0x00000df8       0xe8 .\CortexM0\ARM_GCC_541\Debug\Design01.a(OLED_SSD1306_1_I2C.o)
 .debug_frame   0x00000ee0       0x58 .\CortexM0\ARM_GCC_541\Debug\Design01.a(OLED_SSD1306_1_I2C_I2C.o)
 .debug_frame   0x00000f38      0x1d8 .\CortexM0\ARM_GCC_541\Debug\Design01.a(OLED_SSD1306_1_I2C_I2C_MASTER.o)
 .debug_frame   0x00001110       0x2c .\CortexM0\ARM_GCC_541\Debug\Design01.a(OLED_SSD1306_1_I2C_I2C_INT.o)
 .debug_frame   0x0000113c       0x20 c:/program files (x86)/cypress/psoc creator/4.2/psoc creator/import/gnu/arm/5.4.1/bin/../lib/gcc/arm-none-eabi/5.4.1/armv6-m\libgcc.a(_udivsi3.o)
 .debug_frame   0x0000115c       0x20 c:/program files (x86)/cypress/psoc creator/4.2/psoc creator/import/gnu/arm/5.4.1/bin/../lib/gcc/arm-none-eabi/5.4.1/armv6-m\libgcc.a(_divsi3.o)
 .debug_frame   0x0000117c       0x20 c:/program files (x86)/cypress/psoc creator/4.2/psoc creator/import/gnu/arm/5.4.1/bin/../lib/gcc/arm-none-eabi/5.4.1/../../../../arm-none-eabi/lib/armv6-m\libg_nano.a(lib_a-errno.o)
 .debug_frame   0x0000119c       0x28 c:/program files (x86)/cypress/psoc creator/4.2/psoc creator/import/gnu/arm/5.4.1/bin/../lib/gcc/arm-none-eabi/5.4.1/../../../../arm-none-eabi/lib/armv6-m\libg_nano.a(lib_a-exit.o)
 .debug_frame   0x000011c4       0x2c c:/program files (x86)/cypress/psoc creator/4.2/psoc creator/import/gnu/arm/5.4.1/bin/../lib/gcc/arm-none-eabi/5.4.1/../../../../arm-none-eabi/lib/armv6-m\libg_nano.a(lib_a-init.o)
 .debug_frame   0x000011f0       0x28 c:/program files (x86)/cypress/psoc creator/4.2/psoc creator/import/gnu/arm/5.4.1/bin/../lib/gcc/arm-none-eabi/5.4.1/../../../../arm-none-eabi/lib/armv6-m\libg_nano.a(lib_a-memcpy-stub.o)
 .debug_frame   0x00001218       0x20 c:/program files (x86)/cypress/psoc creator/4.2/psoc creator/import/gnu/arm/5.4.1/bin/../lib/gcc/arm-none-eabi/5.4.1/../../../../arm-none-eabi/lib/armv6-m\libg_nano.a(lib_a-memset.o)

.debug_str      0x00000000     0x1e79
 *(.debug_str)
 .debug_str     0x00000000      0x2fa .\CortexM0\ARM_GCC_541\Debug\main.o
                                0x357 (size before relaxing)
 .debug_str     0x000002fa      0x125 .\CortexM0\ARM_GCC_541\Debug\cyfitter_cfg.o
                                0x2ab (size before relaxing)
 .debug_str     0x0000041f       0x59 .\CortexM0\ARM_GCC_541\Debug\cymetadata.o
                                0x1c6 (size before relaxing)
 .debug_str     0x00000478      0x140 .\CortexM0\ARM_GCC_541\Debug\Cm0Start.o
                                0x2ff (size before relaxing)
 .debug_str     0x000005b8      0x415 .\CortexM0\ARM_GCC_541\Debug\Design01.a(OLED_SSD1306_1_SSD1306_API.o)
                                0x791 (size before relaxing)
 .debug_str     0x000009cd      0x141 .\CortexM0\ARM_GCC_541\Debug\Design01.a(OLED_SSD1306_1_OLED_ADDR_Select.o)
                                0x2ea (size before relaxing)
 .debug_str     0x00000b0e       0xf3 .\CortexM0\ARM_GCC_541\Debug\Design01.a(OLED_SSD1306_1_OLED_Reset.o)
                                0x2c0 (size before relaxing)
 .debug_str     0x00000c01      0x512 .\CortexM0\ARM_GCC_541\Debug\Design01.a(CyLib.o)
                                0x739 (size before relaxing)
 .debug_str     0x00001113      0x6ee .\CortexM0\ARM_GCC_541\Debug\Design01.a(CyLFClk.o)
                                0x936 (size before relaxing)
 .debug_str     0x00001801      0x1be .\CortexM0\ARM_GCC_541\Debug\Design01.a(OLED_SSD1306_1_I2C.o)
                                0x38e (size before relaxing)
 .debug_str     0x000019bf       0xce .\CortexM0\ARM_GCC_541\Debug\Design01.a(OLED_SSD1306_1_I2C_I2C.o)
                                0x2c4 (size before relaxing)
 .debug_str     0x00001a8d      0x387 .\CortexM0\ARM_GCC_541\Debug\Design01.a(OLED_SSD1306_1_I2C_I2C_MASTER.o)
                                0x658 (size before relaxing)
 .debug_str     0x00001e14       0x65 .\CortexM0\ARM_GCC_541\Debug\Design01.a(OLED_SSD1306_1_I2C_I2C_INT.o)
                                0x38e (size before relaxing)

.debug_loc      0x00000000     0x3ac1
 *(.debug_loc)
 .debug_loc     0x00000000       0xa9 .\CortexM0\ARM_GCC_541\Debug\cyfitter_cfg.o
 .debug_loc     0x000000a9      0x14f .\CortexM0\ARM_GCC_541\Debug\Cm0Start.o
 .debug_loc     0x000001f8     0x18d5 .\CortexM0\ARM_GCC_541\Debug\Design01.a(OLED_SSD1306_1_SSD1306_API.o)
 .debug_loc     0x00001acd       0xa2 .\CortexM0\ARM_GCC_541\Debug\Design01.a(OLED_SSD1306_1_OLED_ADDR_Select.o)
 .debug_loc     0x00001b6f       0x81 .\CortexM0\ARM_GCC_541\Debug\Design01.a(OLED_SSD1306_1_OLED_Reset.o)
 .debug_loc     0x00001bf0      0x554 .\CortexM0\ARM_GCC_541\Debug\Design01.a(CyLib.o)
 .debug_loc     0x00002144      0xdaa .\CortexM0\ARM_GCC_541\Debug\Design01.a(CyLFClk.o)
 .debug_loc     0x00002eee       0x7e .\CortexM0\ARM_GCC_541\Debug\Design01.a(OLED_SSD1306_1_I2C.o)
 .debug_loc     0x00002f6c      0xa49 .\CortexM0\ARM_GCC_541\Debug\Design01.a(OLED_SSD1306_1_I2C_I2C_MASTER.o)
 .debug_loc     0x000039b5      0x10c .\CortexM0\ARM_GCC_541\Debug\Design01.a(OLED_SSD1306_1_I2C_I2C_INT.o)

.debug_macinfo
 *(.debug_macinfo)

.debug_ranges   0x00000000      0xca8
 *(.debug_ranges)
 .debug_ranges  0x00000000       0x10 .\CortexM0\ARM_GCC_541\Debug\main.o
 .debug_ranges  0x00000010       0x28 .\CortexM0\ARM_GCC_541\Debug\cyfitter_cfg.o
 .debug_ranges  0x00000038       0x38 .\CortexM0\ARM_GCC_541\Debug\Cm0Start.o
 .debug_ranges  0x00000070      0x7a8 .\CortexM0\ARM_GCC_541\Debug\Design01.a(OLED_SSD1306_1_SSD1306_API.o)
 .debug_ranges  0x00000818       0x38 .\CortexM0\ARM_GCC_541\Debug\Design01.a(OLED_SSD1306_1_OLED_ADDR_Select.o)
 .debug_ranges  0x00000850       0x38 .\CortexM0\ARM_GCC_541\Debug\Design01.a(OLED_SSD1306_1_OLED_Reset.o)
 .debug_ranges  0x00000888      0x1a0 .\CortexM0\ARM_GCC_541\Debug\Design01.a(CyLib.o)
 .debug_ranges  0x00000a28      0x178 .\CortexM0\ARM_GCC_541\Debug\Design01.a(CyLFClk.o)
 .debug_ranges  0x00000ba0       0x50 .\CortexM0\ARM_GCC_541\Debug\Design01.a(OLED_SSD1306_1_I2C.o)
 .debug_ranges  0x00000bf0       0x20 .\CortexM0\ARM_GCC_541\Debug\Design01.a(OLED_SSD1306_1_I2C_I2C.o)
 .debug_ranges  0x00000c10       0x88 .\CortexM0\ARM_GCC_541\Debug\Design01.a(OLED_SSD1306_1_I2C_I2C_MASTER.o)
 .debug_ranges  0x00000c98       0x10 .\CortexM0\ARM_GCC_541\Debug\Design01.a(OLED_SSD1306_1_I2C_I2C_INT.o)

.comment        0x00000000       0x6e
 .comment       0x00000000       0x6e .\CortexM0\ARM_GCC_541\Debug\main.o
                                 0x6f (size before relaxing)
 .comment       0x0000006e       0x6f .\CortexM0\ARM_GCC_541\Debug\cyfitter_cfg.o
 .comment       0x0000006e       0x6f .\CortexM0\ARM_GCC_541\Debug\cymetadata.o
 .comment       0x0000006e       0x6f .\CortexM0\ARM_GCC_541\Debug\Cm0Start.o
 .comment       0x0000006e       0x6f .\CortexM0\ARM_GCC_541\Debug\Design01.a(OLED_SSD1306_1_SSD1306_API.o)
 .comment       0x0000006e       0x6f .\CortexM0\ARM_GCC_541\Debug\Design01.a(OLED_SSD1306_1_OLED_ADDR_Select.o)
 .comment       0x0000006e       0x6f .\CortexM0\ARM_GCC_541\Debug\Design01.a(OLED_SSD1306_1_OLED_Reset.o)
 .comment       0x0000006e       0x6f .\CortexM0\ARM_GCC_541\Debug\Design01.a(CyLib.o)
 .comment       0x0000006e       0x6f .\CortexM0\ARM_GCC_541\Debug\Design01.a(CyLFClk.o)
 .comment       0x0000006e       0x6f .\CortexM0\ARM_GCC_541\Debug\Design01.a(OLED_SSD1306_1_I2C.o)
 .comment       0x0000006e       0x6f .\CortexM0\ARM_GCC_541\Debug\Design01.a(OLED_SSD1306_1_I2C_I2C.o)
 .comment       0x0000006e       0x6f .\CortexM0\ARM_GCC_541\Debug\Design01.a(OLED_SSD1306_1_I2C_I2C_MASTER.o)
 .comment       0x0000006e       0x6f .\CortexM0\ARM_GCC_541\Debug\Design01.a(OLED_SSD1306_1_I2C_I2C_INT.o)

.debug_weaknames
 *(.debug_weaknames)

.debug_funcnames
 *(.debug_funcnames)

.debug_typenames
 *(.debug_typenames)

.debug_varnames
 *(.debug_varnames)

.note.gnu.arm.ident
 *(.note.gnu.arm.ident)

.ARM.attributes
                0x00000000       0x28
 *(.ARM.attributes)
 .ARM.attributes
                0x00000000       0x1e c:/program files (x86)/cypress/psoc creator/4.2/psoc creator/import/gnu/arm/5.4.1/bin/../lib/gcc/arm-none-eabi/5.4.1/armv6-m/crti.o
 .ARM.attributes
                0x0000001e       0x2c c:/program files (x86)/cypress/psoc creator/4.2/psoc creator/import/gnu/arm/5.4.1/bin/../lib/gcc/arm-none-eabi/5.4.1/armv6-m/crtbegin.o
 .ARM.attributes
                0x0000004a       0x1b c:/program files (x86)/cypress/psoc creator/4.2/psoc creator/import/gnu/arm/5.4.1/bin/../lib/gcc/arm-none-eabi/5.4.1/../../../../arm-none-eabi/lib/armv6-m/crt0.o
 .ARM.attributes
                0x00000065       0x31 .\CortexM0\ARM_GCC_541\Debug\main.o
 .ARM.attributes
                0x00000096       0x31 .\CortexM0\ARM_GCC_541\Debug\cyfitter_cfg.o
 .ARM.attributes
                0x000000c7       0x31 .\CortexM0\ARM_GCC_541\Debug\cymetadata.o
 .ARM.attributes
                0x000000f8       0x31 .\CortexM0\ARM_GCC_541\Debug\Cm0Start.o
 .ARM.attributes
                0x00000129       0x31 .\CortexM0\ARM_GCC_541\Debug\Design01.a(OLED_SSD1306_1_SSD1306_API.o)
 .ARM.attributes
                0x0000015a       0x31 .\CortexM0\ARM_GCC_541\Debug\Design01.a(OLED_SSD1306_1_OLED_ADDR_Select.o)
 .ARM.attributes
                0x0000018b       0x31 .\CortexM0\ARM_GCC_541\Debug\Design01.a(OLED_SSD1306_1_OLED_Reset.o)
 .ARM.attributes
                0x000001bc       0x31 .\CortexM0\ARM_GCC_541\Debug\Design01.a(CyLib.o)
 .ARM.attributes
                0x000001ed       0x31 .\CortexM0\ARM_GCC_541\Debug\Design01.a(CyLFClk.o)
 .ARM.attributes
                0x0000021e       0x31 .\CortexM0\ARM_GCC_541\Debug\Design01.a(OLED_SSD1306_1_I2C.o)
 .ARM.attributes
                0x0000024f       0x31 .\CortexM0\ARM_GCC_541\Debug\Design01.a(OLED_SSD1306_1_I2C_I2C.o)
 .ARM.attributes
                0x00000280       0x31 .\CortexM0\ARM_GCC_541\Debug\Design01.a(OLED_SSD1306_1_I2C_I2C_MASTER.o)
 .ARM.attributes
                0x000002b1       0x21 .\CortexM0\ARM_GCC_541\Debug\Design01.a(CyBootAsmGnu.o)
 .ARM.attributes
                0x000002d2       0x31 .\CortexM0\ARM_GCC_541\Debug\Design01.a(OLED_SSD1306_1_I2C_I2C_INT.o)
 .ARM.attributes
                0x00000303       0x1e c:/program files (x86)/cypress/psoc creator/4.2/psoc creator/import/gnu/arm/5.4.1/bin/../lib/gcc/arm-none-eabi/5.4.1/armv6-m\libgcc.a(_udivsi3.o)
 .ARM.attributes
                0x00000321       0x1e c:/program files (x86)/cypress/psoc creator/4.2/psoc creator/import/gnu/arm/5.4.1/bin/../lib/gcc/arm-none-eabi/5.4.1/armv6-m\libgcc.a(_divsi3.o)
 .ARM.attributes
                0x0000033f       0x1e c:/program files (x86)/cypress/psoc creator/4.2/psoc creator/import/gnu/arm/5.4.1/bin/../lib/gcc/arm-none-eabi/5.4.1/armv6-m\libgcc.a(_dvmd_tls.o)
 .ARM.attributes
                0x0000035d       0x2c c:/program files (x86)/cypress/psoc creator/4.2/psoc creator/import/gnu/arm/5.4.1/bin/../lib/gcc/arm-none-eabi/5.4.1/../../../../arm-none-eabi/lib/armv6-m\libg_nano.a(lib_a-errno.o)
 .ARM.attributes
                0x00000389       0x2c c:/program files (x86)/cypress/psoc creator/4.2/psoc creator/import/gnu/arm/5.4.1/bin/../lib/gcc/arm-none-eabi/5.4.1/../../../../arm-none-eabi/lib/armv6-m\libg_nano.a(lib_a-exit.o)
 .ARM.attributes
                0x000003b5       0x2c c:/program files (x86)/cypress/psoc creator/4.2/psoc creator/import/gnu/arm/5.4.1/bin/../lib/gcc/arm-none-eabi/5.4.1/../../../../arm-none-eabi/lib/armv6-m\libg_nano.a(lib_a-impure.o)
 .ARM.attributes
                0x000003e1       0x2c c:/program files (x86)/cypress/psoc creator/4.2/psoc creator/import/gnu/arm/5.4.1/bin/../lib/gcc/arm-none-eabi/5.4.1/../../../../arm-none-eabi/lib/armv6-m\libg_nano.a(lib_a-init.o)
 .ARM.attributes
                0x0000040d       0x2c c:/program files (x86)/cypress/psoc creator/4.2/psoc creator/import/gnu/arm/5.4.1/bin/../lib/gcc/arm-none-eabi/5.4.1/../../../../arm-none-eabi/lib/armv6-m\libg_nano.a(lib_a-memcpy-stub.o)
 .ARM.attributes
                0x00000439       0x2c c:/program files (x86)/cypress/psoc creator/4.2/psoc creator/import/gnu/arm/5.4.1/bin/../lib/gcc/arm-none-eabi/5.4.1/../../../../arm-none-eabi/lib/armv6-m\libg_nano.a(lib_a-memset.o)
 .ARM.attributes
                0x00000465       0x2c c:/program files (x86)/cypress/psoc creator/4.2/psoc creator/import/gnu/arm/5.4.1/bin/../lib/gcc/arm-none-eabi/5.4.1/armv6-m/crtend.o
 .ARM.attributes
                0x00000491       0x1e c:/program files (x86)/cypress/psoc creator/4.2/psoc creator/import/gnu/arm/5.4.1/bin/../lib/gcc/arm-none-eabi/5.4.1/armv6-m/crtn.o

/DISCARD/
 *(.note.GNU-stack)
OUTPUT(C:\Users\Root\Documents\PSoC Creator\Workspace06\Design01.cydsn\CortexM0\ARM_GCC_541\Debug\Design01.elf elf32-littlearm)
